Archive member included to satisfy reference by file (symbol)

c:/st/stm32cubeide_1.11.0/stm32cubeide/plugins/com.st.stm32cube.ide.mcu.externaltools.gnu-tools-for-stm32.10.3-2021.10.win32_1.0.200.202301161003/tools/bin/../lib/gcc/arm-none-eabi/10.3.1/../../../../arm-none-eabi/lib/thumb/v7e-m+fp/hard\libc_nano.a(lib_a-errno.o)
                              ./Core/Src/syscalls.o (__errno)
c:/st/stm32cubeide_1.11.0/stm32cubeide/plugins/com.st.stm32cube.ide.mcu.externaltools.gnu-tools-for-stm32.10.3-2021.10.win32_1.0.200.202301161003/tools/bin/../lib/gcc/arm-none-eabi/10.3.1/../../../../arm-none-eabi/lib/thumb/v7e-m+fp/hard\libc_nano.a(lib_a-exit.o)
                              c:/st/stm32cubeide_1.11.0/stm32cubeide/plugins/com.st.stm32cube.ide.mcu.externaltools.gnu-tools-for-stm32.10.3-2021.10.win32_1.0.200.202301161003/tools/bin/../lib/gcc/arm-none-eabi/10.3.1/../../../../arm-none-eabi/lib/thumb/v7e-m+fp/hard/crt0.o (exit)
c:/st/stm32cubeide_1.11.0/stm32cubeide/plugins/com.st.stm32cube.ide.mcu.externaltools.gnu-tools-for-stm32.10.3-2021.10.win32_1.0.200.202301161003/tools/bin/../lib/gcc/arm-none-eabi/10.3.1/../../../../arm-none-eabi/lib/thumb/v7e-m+fp/hard\libc_nano.a(lib_a-impure.o)
                              c:/st/stm32cubeide_1.11.0/stm32cubeide/plugins/com.st.stm32cube.ide.mcu.externaltools.gnu-tools-for-stm32.10.3-2021.10.win32_1.0.200.202301161003/tools/bin/../lib/gcc/arm-none-eabi/10.3.1/../../../../arm-none-eabi/lib/thumb/v7e-m+fp/hard\libc_nano.a(lib_a-exit.o) (_global_impure_ptr)
c:/st/stm32cubeide_1.11.0/stm32cubeide/plugins/com.st.stm32cube.ide.mcu.externaltools.gnu-tools-for-stm32.10.3-2021.10.win32_1.0.200.202301161003/tools/bin/../lib/gcc/arm-none-eabi/10.3.1/../../../../arm-none-eabi/lib/thumb/v7e-m+fp/hard\libc_nano.a(lib_a-init.o)
                              c:/st/stm32cubeide_1.11.0/stm32cubeide/plugins/com.st.stm32cube.ide.mcu.externaltools.gnu-tools-for-stm32.10.3-2021.10.win32_1.0.200.202301161003/tools/bin/../lib/gcc/arm-none-eabi/10.3.1/../../../../arm-none-eabi/lib/thumb/v7e-m+fp/hard/crt0.o (__libc_init_array)
c:/st/stm32cubeide_1.11.0/stm32cubeide/plugins/com.st.stm32cube.ide.mcu.externaltools.gnu-tools-for-stm32.10.3-2021.10.win32_1.0.200.202301161003/tools/bin/../lib/gcc/arm-none-eabi/10.3.1/../../../../arm-none-eabi/lib/thumb/v7e-m+fp/hard\libc_nano.a(lib_a-malloc.o)
                              ./Drivers/BSP/ADA_st7735/st7735.o (malloc)
c:/st/stm32cubeide_1.11.0/stm32cubeide/plugins/com.st.stm32cube.ide.mcu.externaltools.gnu-tools-for-stm32.10.3-2021.10.win32_1.0.200.202301161003/tools/bin/../lib/gcc/arm-none-eabi/10.3.1/../../../../arm-none-eabi/lib/thumb/v7e-m+fp/hard\libc_nano.a(lib_a-memcpy-stub.o)
                              ./Drivers/BSP/Components/m24sr/m24sr.o (memcpy)
c:/st/stm32cubeide_1.11.0/stm32cubeide/plugins/com.st.stm32cube.ide.mcu.externaltools.gnu-tools-for-stm32.10.3-2021.10.win32_1.0.200.202301161003/tools/bin/../lib/gcc/arm-none-eabi/10.3.1/../../../../arm-none-eabi/lib/thumb/v7e-m+fp/hard\libc_nano.a(lib_a-memset.o)
                              c:/st/stm32cubeide_1.11.0/stm32cubeide/plugins/com.st.stm32cube.ide.mcu.externaltools.gnu-tools-for-stm32.10.3-2021.10.win32_1.0.200.202301161003/tools/bin/../lib/gcc/arm-none-eabi/10.3.1/../../../../arm-none-eabi/lib/thumb/v7e-m+fp/hard/crt0.o (memset)
c:/st/stm32cubeide_1.11.0/stm32cubeide/plugins/com.st.stm32cube.ide.mcu.externaltools.gnu-tools-for-stm32.10.3-2021.10.win32_1.0.200.202301161003/tools/bin/../lib/gcc/arm-none-eabi/10.3.1/../../../../arm-none-eabi/lib/thumb/v7e-m+fp/hard\libc_nano.a(lib_a-nano-freer.o)
                              c:/st/stm32cubeide_1.11.0/stm32cubeide/plugins/com.st.stm32cube.ide.mcu.externaltools.gnu-tools-for-stm32.10.3-2021.10.win32_1.0.200.202301161003/tools/bin/../lib/gcc/arm-none-eabi/10.3.1/../../../../arm-none-eabi/lib/thumb/v7e-m+fp/hard\libc_nano.a(lib_a-malloc.o) (_free_r)
c:/st/stm32cubeide_1.11.0/stm32cubeide/plugins/com.st.stm32cube.ide.mcu.externaltools.gnu-tools-for-stm32.10.3-2021.10.win32_1.0.200.202301161003/tools/bin/../lib/gcc/arm-none-eabi/10.3.1/../../../../arm-none-eabi/lib/thumb/v7e-m+fp/hard\libc_nano.a(lib_a-nano-mallocr.o)
                              c:/st/stm32cubeide_1.11.0/stm32cubeide/plugins/com.st.stm32cube.ide.mcu.externaltools.gnu-tools-for-stm32.10.3-2021.10.win32_1.0.200.202301161003/tools/bin/../lib/gcc/arm-none-eabi/10.3.1/../../../../arm-none-eabi/lib/thumb/v7e-m+fp/hard\libc_nano.a(lib_a-malloc.o) (_malloc_r)
c:/st/stm32cubeide_1.11.0/stm32cubeide/plugins/com.st.stm32cube.ide.mcu.externaltools.gnu-tools-for-stm32.10.3-2021.10.win32_1.0.200.202301161003/tools/bin/../lib/gcc/arm-none-eabi/10.3.1/../../../../arm-none-eabi/lib/thumb/v7e-m+fp/hard\libc_nano.a(lib_a-printf.o)
                              ./Core/Src/main.o (printf)
[...]
Memory Configuration

Name             Origin             Length             Attributes
RAM              0x0000000020000000 0x0000000000050000 xrw
RAM2             0x0000000010000000 0x0000000000010000 xrw
RAM3             0x0000000020030000 0x0000000000020000 xrw
FLASH            0x0000000008000000 0x0000000000100000 xr
*default*        0x0000000000000000 0xffffffffffffffff

Linker script and memory map

LOAD c:/st/stm32cubeide_1.11.0/stm32cubeide/plugins/com.st.stm32cube.ide.mcu.externaltools.gnu-tools-for-stm32.10.3-2021.10.win32_1.0.200.202301161003/tools/bin/../lib/gcc/arm-none-eabi/10.3.1/thumb/v7e-m+fp/hard/crti.o
LOAD c:/st/stm32cubeide_1.11.0/stm32cubeide/plugins/com.st.stm32cube.ide.mcu.externaltools.gnu-tools-for-stm32.10.3-2021.10.win32_1.0.200.202301161003/tools/bin/../lib/gcc/arm-none-eabi/10.3.1/thumb/v7e-m+fp/hard/crtbegin.o
LOAD c:/st/stm32cubeide_1.11.0/stm32cubeide/plugins/com.st.stm32cube.ide.mcu.externaltools.gnu-tools-for-stm32.10.3-2021.10.win32_1.0.200.202301161003/tools/bin/../lib/gcc/arm-none-eabi/10.3.1/../../../../arm-none-eabi/lib/thumb/v7e-m+fp/hard/crt0.o
LOAD ./Core/Src/main.o
LOAD ./Core/Src/stm32l4xx_hal_msp.o
LOAD ./Core/Src/stm32l4xx_it.o
LOAD ./Core/Src/syscalls.o
LOAD ./Core/Src/sysmem.o
LOAD ./Core/Src/system_stm32l4xx.o
LOAD ./Core/Startup/startup_stm32l4p5agixp.o
LOAD ./Drivers/BSP/ADA_st7735/fonts.o
LOAD ./Drivers/BSP/ADA_st7735/st7735.o
LOAD ./Drivers/BSP/Components/cs42l51/cs42l51.o
LOAD ./Drivers/BSP/Components/cs43l22/cs43l22.o
LOAD ./Drivers/BSP/Components/cy8c4014lqi/cy8c4014lqi.o
LOAD ./Drivers/BSP/Components/ft3x67/ft3x67.o
LOAD ./Drivers/BSP/Components/ft5336/ft5336.o
LOAD ./Drivers/BSP/Components/ft6x06/ft6x06.o
LOAD ./Drivers/BSP/Components/hts221/hts221.o
LOAD ./Drivers/BSP/Components/hx8347g/hx8347g.o
LOAD ./Drivers/BSP/Components/hx8347i/hx8347i.o
LOAD ./Drivers/BSP/Components/l3gd20/l3gd20.o
LOAD ./Drivers/BSP/Components/lis3mdl/lis3mdl.o
LOAD ./Drivers/BSP/Components/lps22hb/lps22hb.o
LOAD ./Drivers/BSP/Components/ls016b8uy/ls016b8uy.o
LOAD ./Drivers/BSP/Components/lsm303c/lsm303c.o
LOAD ./Drivers/BSP/Components/lsm303dlhc/lsm303dlhc.o
LOAD ./Drivers/BSP/Components/lsm6dsl/lsm6dsl.o
LOAD ./Drivers/BSP/Components/m24sr/m24sr.o
LOAD ./Drivers/BSP/Components/mfxstm32l152/mfxstm32l152.o
LOAD ./Drivers/BSP/Components/ov5640/ov5640.o
LOAD ./Drivers/BSP/Components/ov9655/ov9655.o
LOAD ./Drivers/BSP/Components/st25dv/st25dv.o
LOAD ./Drivers/BSP/Components/st25dv/st25dv_reg.o
LOAD ./Drivers/BSP/Components/st7735/st7735.o
LOAD ./Drivers/BSP/Components/st7789h2/st7789h2.o
LOAD ./Drivers/BSP/Components/stmpe1600/stmpe1600.o
LOAD ./Drivers/BSP/Components/stmpe811/stmpe811.o
LOAD ./Drivers/BSP/Components/wm8994/wm8994.o
LOAD ./Drivers/BSP/STM32L4P5G-Discovery/stm32l4p5g_discovery.o
LOAD ./Drivers/BSP/STM32L4P5G-Discovery/stm32l4p5g_discovery_camera.o
LOAD ./Drivers/BSP/STM32L4P5G-Discovery/stm32l4p5g_discovery_idd.o
LOAD ./Drivers/BSP/STM32L4P5G-Discovery/stm32l4p5g_discovery_io.o
LOAD ./Drivers/STM32L4xx_HAL_Driver/Src/stm32l4xx_hal.o
LOAD ./Drivers/STM32L4xx_HAL_Driver/Src/stm32l4xx_hal_cortex.o
LOAD ./Drivers/STM32L4xx_HAL_Driver/Src/stm32l4xx_hal_dcmi.o
LOAD ./Drivers/STM32L4xx_HAL_Driver/Src/stm32l4xx_hal_dma.o
LOAD ./Drivers/STM32L4xx_HAL_Driver/Src/stm32l4xx_hal_dma_ex.o
LOAD ./Drivers/STM32L4xx_HAL_Driver/Src/stm32l4xx_hal_exti.o
LOAD ./Drivers/STM32L4xx_HAL_Driver/Src/stm32l4xx_hal_flash.o
LOAD ./Drivers/STM32L4xx_HAL_Driver/Src/stm32l4xx_hal_flash_ex.o
LOAD ./Drivers/STM32L4xx_HAL_Driver/Src/stm32l4xx_hal_flash_ramfunc.o
LOAD ./Drivers/STM32L4xx_HAL_Driver/Src/stm32l4xx_hal_gpio.o
LOAD ./Drivers/STM32L4xx_HAL_Driver/Src/stm32l4xx_hal_i2c.o
LOAD ./Drivers/STM32L4xx_HAL_Driver/Src/stm32l4xx_hal_i2c_ex.o
LOAD ./Drivers/STM32L4xx_HAL_Driver/Src/stm32l4xx_hal_pwr.o
LOAD ./Drivers/STM32L4xx_HAL_Driver/Src/stm32l4xx_hal_pwr_ex.o
LOAD ./Drivers/STM32L4xx_HAL_Driver/Src/stm32l4xx_hal_rcc.o
LOAD ./Drivers/STM32L4xx_HAL_Driver/Src/stm32l4xx_hal_rcc_ex.o
LOAD ./Drivers/STM32L4xx_HAL_Driver/Src/stm32l4xx_hal_spi.o
LOAD ./Drivers/STM32L4xx_HAL_Driver/Src/stm32l4xx_hal_spi_ex.o
LOAD ./Drivers/STM32L4xx_HAL_Driver/Src/stm32l4xx_hal_tim.o
LOAD ./Drivers/STM32L4xx_HAL_Driver/Src/stm32l4xx_hal_tim_ex.o
START GROUP
LOAD c:/st/stm32cubeide_1.11.0/stm32cubeide/plugins/com.st.stm32cube.ide.mcu.externaltools.gnu-tools-for-stm32.10.3-2021.10.win32_1.0.200.202301161003/tools/bin/../lib/gcc/arm-none-eabi/10.3.1/../../../../arm-none-eabi/lib/thumb/v7e-m+fp/hard\libc_nano.a
LOAD c:/st/stm32cubeide_1.11.0/stm32cubeide/plugins/com.st.stm32cube.ide.mcu.externaltools.gnu-tools-for-stm32.10.3-2021.10.win32_1.0.200.202301161003/tools/bin/../lib/gcc/arm-none-eabi/10.3.1/../../../../arm-none-eabi/lib/thumb/v7e-m+fp/hard\libm.a
END GROUP
START GROUP
LOAD c:/st/stm32cubeide_1.11.0/stm32cubeide/plugins/com.st.stm32cube.ide.mcu.externaltools.gnu-tools-for-stm32.10.3-2021.10.win32_1.0.200.202301161003/tools/bin/../lib/gcc/arm-none-eabi/10.3.1/thumb/v7e-m+fp/hard\libgcc.a
LOAD c:/st/stm32cubeide_1.11.0/stm32cubeide/plugins/com.st.stm32cube.ide.mcu.externaltools.gnu-tools-for-stm32.10.3-2021.10.win32_1.0.200.202301161003/tools/bin/../lib/gcc/arm-none-eabi/10.3.1/../../../../arm-none-eabi/lib/thumb/v7e-m+fp/hard\libc_nano.a
END GROUP
START GROUP
LOAD c:/st/stm32cubeide_1.11.0/stm32cubeide/plugins/com.st.stm32cube.ide.mcu.externaltools.gnu-tools-for-stm32.10.3-2021.10.win32_1.0.200.202301161003/tools/bin/../lib/gcc/arm-none-eabi/10.3.1/thumb/v7e-m+fp/hard\libgcc.a
LOAD c:/st/stm32cubeide_1.11.0/stm32cubeide/plugins/com.st.stm32cube.ide.mcu.externaltools.gnu-tools-for-stm32.10.3-2021.10.win32_1.0.200.202301161003/tools/bin/../lib/gcc/arm-none-eabi/10.3.1/../../../../arm-none-eabi/lib/thumb/v7e-m+fp/hard\libc_nano.a
LOAD c:/st/stm32cubeide_1.11.0/stm32cubeide/plugins/com.st.stm32cube.ide.mcu.externaltools.gnu-tools-for-stm32.10.3-2021.10.win32_1.0.200.202301161003/tools/bin/../lib/gcc/arm-none-eabi/10.3.1/../../../../arm-none-eabi/lib/thumb/v7e-m+fp/hard\libnosys.a
END GROUP
START GROUP
LOAD c:/st/stm32cubeide_1.11.0/stm32cubeide/plugins/com.st.stm32cube.ide.mcu.externaltools.gnu-tools-for-stm32.10.3-2021.10.win32_1.0.200.202301161003/tools/bin/../lib/gcc/arm-none-eabi/10.3.1/thumb/v7e-m+fp/hard\libgcc.a
LOAD c:/st/stm32cubeide_1.11.0/stm32cubeide/plugins/com.st.stm32cube.ide.mcu.externaltools.gnu-tools-for-stm32.10.3-2021.10.win32_1.0.200.202301161003/tools/bin/../lib/gcc/arm-none-eabi/10.3.1/../../../../arm-none-eabi/lib/thumb/v7e-m+fp/hard\libc_nano.a
LOAD c:/st/stm32cubeide_1.11.0/stm32cubeide/plugins/com.st.stm32cube.ide.mcu.externaltools.gnu-tools-for-stm32.10.3-2021.10.win32_1.0.200.202301161003/tools/bin/../lib/gcc/arm-none-eabi/10.3.1/../../../../arm-none-eabi/lib/thumb/v7e-m+fp/hard\libnosys.a
END GROUP
LOAD c:/st/stm32cubeide_1.11.0/stm32cubeide/plugins/com.st.stm32cube.ide.mcu.externaltools.gnu-tools-for-stm32.10.3-2021.10.win32_1.0.200.202301161003/tools/bin/../lib/gcc/arm-none-eabi/10.3.1/thumb/v7e-m+fp/hard/crtend.o
LOAD c:/st/stm32cubeide_1.11.0/stm32cubeide/plugins/com.st.stm32cube.ide.mcu.externaltools.gnu-tools-for-stm32.10.3-2021.10.win32_1.0.200.202301161003/tools/bin/../lib/gcc/arm-none-eabi/10.3.1/thumb/v7e-m+fp/hard/crtn.o
                0x0000000020050000                _estack = (ORIGIN (RAM) + LENGTH (RAM))
                0x0000000000000200                _Min_Heap_Size = 0x200
                0x0000000000000400                _Min_Stack_Size = 0x400

.isr_vector     0x0000000008000000      0x1bc
                0x0000000008000000                . = ALIGN (0x4)
 *(.isr_vector)
 .isr_vector    0x0000000008000000      0x1bc ./Core/Startup/startup_stm32l4p5agixp.o
                0x0000000008000000                g_pfnVectors
                0x00000000080001bc                . = ALIGN (0x4)

.text           0x00000000080001c0     0x90c4
                0x00000000080001c0                . = ALIGN (0x4)
 *(.text)
 .text          0x00000000080001c0       0x40 c:/st/stm32cubeide_1.11.0/stm32cubeide/plugins/com.st.stm32cube.ide.mcu.externaltools.gnu-tools-for-stm32.10.3-2021.10.win32_1.0.200.202301161003/tools/bin/../lib/gcc/arm-none-eabi/10.3.1/thumb/v7e-m+fp/hard/crtbegin.o
 .text          0x0000000008000200       0xa0 c:/st/stm32cubeide_1.11.0/stm32cubeide/plugins/com.st.stm32cube.ide.mcu.externaltools.gnu-tools-for-stm32.10.3-2021.10.win32_1.0.200.202301161003/tools/bin/../lib/gcc/arm-none-eabi/10.3.1/../../../../arm-none-eabi/lib/thumb/v7e-m+fp/hard\libc_nano.a(lib_a-memchr.o)
                0x0000000008000200                memchr
 *(.text*)
 .text.main     0x00000000080002a0      0x1c8 ./Core/Src/main.o
                0x00000000080002a0                main
 .text.SystemClock_Config
                0x0000000008000468       0xa2 ./Core/Src/main.o
                0x0000000008000468                SystemClock_Config
 *fill*         0x000000000800050a        0x2 
 .text.MX_DCMI_Init
                0x000000000800050c       0x68 ./Core/Src/main.o
 .text.MX_I2C1_Init
                0x0000000008000574       0x80 ./Core/Src/main.o
 .text.MX_I2C4_Init
                0x00000000080005f4       0x80 ./Core/Src/main.o
 .text.MX_SPI2_Init
                0x0000000008000674       0x7c ./Core/Src/main.o
 .text.MX_DMA_Init
                0x00000000080006f0       0xcc ./Core/Src/main.o
 .text.MX_GPIO_Init
                0x00000000080007bc      0x28c ./Core/Src/main.o
 .text.BSP_CAMERA_FrameEventCallback
                0x0000000008000a48       0x18 ./Core/Src/main.o
                0x0000000008000a48                BSP_CAMERA_FrameEventCallback
 .text.OnError_Handler
                0x0000000008000a60       0x1e ./Core/Src/main.o
 .text.Error_Handler
                0x0000000008000a7e        0xa ./Core/Src/main.o
                0x0000000008000a7e                Error_Handler
 .text.HAL_MspInit
                0x0000000008000a88       0x48 ./Core/Src/stm32l4xx_hal_msp.o
                0x0000000008000a88                HAL_MspInit
 .text.HAL_DCMI_MspInit
                0x0000000008000ad0      0x174 ./Core/Src/stm32l4xx_hal_msp.o
                0x0000000008000ad0                HAL_DCMI_MspInit
 .text.HAL_I2C_MspInit
                0x0000000008000c44      0x170 ./Core/Src/stm32l4xx_hal_msp.o
                0x0000000008000c44                HAL_I2C_MspInit
 .text.HAL_I2C_MspDeInit
                0x0000000008000db4       0x78 ./Core/Src/stm32l4xx_hal_msp.o
                0x0000000008000db4                HAL_I2C_MspDeInit
 .text.HAL_SPI_MspInit
                0x0000000008000e2c       0x88 ./Core/Src/stm32l4xx_hal_msp.o
                0x0000000008000e2c                HAL_SPI_MspInit
 .text.NMI_Handler
                0x0000000008000eb4        0x6 ./Core/Src/stm32l4xx_it.o
                0x0000000008000eb4                NMI_Handler
 .text.HardFault_Handler
                0x0000000008000eba        0x6 ./Core/Src/stm32l4xx_it.o
                0x0000000008000eba                HardFault_Handler
 .text.MemManage_Handler
                0x0000000008000ec0        0x6 ./Core/Src/stm32l4xx_it.o
                0x0000000008000ec0                MemManage_Handler
 .text.BusFault_Handler
                0x0000000008000ec6        0x6 ./Core/Src/stm32l4xx_it.o
                0x0000000008000ec6                BusFault_Handler
 .text.UsageFault_Handler
                0x0000000008000ecc        0x6 ./Core/Src/stm32l4xx_it.o
                0x0000000008000ecc                UsageFault_Handler
 .text.SVC_Handler
                0x0000000008000ed2        0xe ./Core/Src/stm32l4xx_it.o
                0x0000000008000ed2                SVC_Handler
 .text.DebugMon_Handler
                0x0000000008000ee0        0xe ./Core/Src/stm32l4xx_it.o
                0x0000000008000ee0                DebugMon_Handler
 .text.PendSV_Handler
                0x0000000008000eee        0xe ./Core/Src/stm32l4xx_it.o
                0x0000000008000eee                PendSV_Handler
 .text.SysTick_Handler
                0x0000000008000efc        0xc ./Core/Src/stm32l4xx_it.o
                0x0000000008000efc                SysTick_Handler
 .text.DMA1_Channel1_IRQHandler
                0x0000000008000f08       0x14 ./Core/Src/stm32l4xx_it.o
                0x0000000008000f08                DMA1_Channel1_IRQHandler
 .text.DMA2_Channel6_IRQHandler
                0x0000000008000f1c       0x14 ./Core/Src/stm32l4xx_it.o
                0x0000000008000f1c                DMA2_Channel6_IRQHandler
 .text.DCMI_PSSI_IRQHandler
                0x0000000008000f30       0x14 ./Core/Src/stm32l4xx_it.o
                0x0000000008000f30                DCMI_PSSI_IRQHandler
 .text._read    0x0000000008000f44       0x3a ./Core/Src/syscalls.o
                0x0000000008000f44                _read
 .text._write   0x0000000008000f7e       0x38 ./Core/Src/syscalls.o
                0x0000000008000f7e                _write
 .text._close   0x0000000008000fb6       0x18 ./Core/Src/syscalls.o
                0x0000000008000fb6                _close
 .text._fstat   0x0000000008000fce       0x20 ./Core/Src/syscalls.o
                0x0000000008000fce                _fstat
 .text._isatty  0x0000000008000fee       0x16 ./Core/Src/syscalls.o
                0x0000000008000fee                _isatty
 .text._lseek   0x0000000008001004       0x1a ./Core/Src/syscalls.o
                0x0000000008001004                _lseek
 *fill*         0x000000000800101e        0x2 
 .text._sbrk    0x0000000008001020       0x6c ./Core/Src/sysmem.o
                0x0000000008001020                _sbrk
 .text.SystemInit
                0x000000000800108c       0x24 ./Core/Src/system_stm32l4xx.o
                0x000000000800108c                SystemInit
 .text.Reset_Handler
                0x00000000080010b0       0x50 ./Core/Startup/startup_stm32l4p5agixp.o
                0x00000000080010b0                Reset_Handler
 .text.Default_Handler
                0x0000000008001100        0x2 ./Core/Startup/startup_stm32l4p5agixp.o
                0x0000000008001100                RTC_Alarm_IRQHandler
                0x0000000008001100                EXTI2_IRQHandler
                0x0000000008001100                TIM8_TRG_COM_IRQHandler
                0x0000000008001100                TIM8_CC_IRQHandler
                0x0000000008001100                TIM1_CC_IRQHandler
                0x0000000008001100                TSC_IRQHandler
                0x0000000008001100                TAMP_STAMP_IRQHandler
                0x0000000008001100                EXTI3_IRQHandler
                0x0000000008001100                LPTIM2_IRQHandler
                0x0000000008001100                DFSDM1_FLT1_IRQHandler
                0x0000000008001100                I2C3_ER_IRQHandler
                0x0000000008001100                EXTI0_IRQHandler
                0x0000000008001100                I2C2_EV_IRQHandler
                0x0000000008001100                CAN1_RX0_IRQHandler
                0x0000000008001100                FPU_IRQHandler
                0x0000000008001100                TIM1_UP_TIM16_IRQHandler
                0x0000000008001100                LTDC_ER_IRQHandler
                0x0000000008001100                ADC1_2_IRQHandler
                0x0000000008001100                SPI1_IRQHandler
                0x0000000008001100                OCTOSPI1_IRQHandler
                0x0000000008001100                TIM6_DAC_IRQHandler
                0x0000000008001100                TIM8_UP_IRQHandler
                0x0000000008001100                OCTOSPI2_IRQHandler
                0x0000000008001100                DMA2_Channel2_IRQHandler
                0x0000000008001100                DMA1_Channel4_IRQHandler
                0x0000000008001100                SAI2_IRQHandler
                0x0000000008001100                USART3_IRQHandler
                0x0000000008001100                DMA1_Channel7_IRQHandler
                0x0000000008001100                CAN1_RX1_IRQHandler
                0x0000000008001100                UART5_IRQHandler
                0x0000000008001100                TIM4_IRQHandler
                0x0000000008001100                DMA2_Channel1_IRQHandler
                0x0000000008001100                I2C1_EV_IRQHandler
                0x0000000008001100                DMAMUX1_OVR_IRQHandler
                0x0000000008001100                DMA1_Channel6_IRQHandler
                0x0000000008001100                UART4_IRQHandler
                0x0000000008001100                DMA2_Channel4_IRQHandler
                0x0000000008001100                TIM3_IRQHandler
                0x0000000008001100                RCC_IRQHandler
                0x0000000008001100                Default_Handler
                0x0000000008001100                DMA2_Channel7_IRQHandler
                0x0000000008001100                EXTI15_10_IRQHandler
                0x0000000008001100                TIM7_IRQHandler
                0x0000000008001100                SDMMC1_IRQHandler
                0x0000000008001100                TIM5_IRQHandler
                0x0000000008001100                I2C3_EV_IRQHandler
                0x0000000008001100                EXTI9_5_IRQHandler
                0x0000000008001100                RTC_WKUP_IRQHandler
                0x0000000008001100                LTDC_IRQHandler
                0x0000000008001100                PVD_PVM_IRQHandler
                0x0000000008001100                SPI2_IRQHandler
                0x0000000008001100                CAN1_TX_IRQHandler
                0x0000000008001100                DMA2_Channel5_IRQHandler
                0x0000000008001100                DMA1_Channel5_IRQHandler
                0x0000000008001100                EXTI4_IRQHandler
                0x0000000008001100                RNG_IRQHandler
                0x0000000008001100                TIM1_TRG_COM_TIM17_IRQHandler
                0x0000000008001100                DMA1_Channel3_IRQHandler
                0x0000000008001100                COMP_IRQHandler
                0x0000000008001100                HASH_CRS_IRQHandler
                0x0000000008001100                WWDG_IRQHandler
                0x0000000008001100                I2C4_EV_IRQHandler
                0x0000000008001100                LPUART1_IRQHandler
                0x0000000008001100                TIM2_IRQHandler
                0x0000000008001100                DMA2D_IRQHandler
                0x0000000008001100                EXTI1_IRQHandler
                0x0000000008001100                SDMMC2_IRQHandler
                0x0000000008001100                USART2_IRQHandler
                0x0000000008001100                DFSDM1_FLT0_IRQHandler
                0x0000000008001100                I2C2_ER_IRQHandler
                0x0000000008001100                DMA1_Channel2_IRQHandler
                0x0000000008001100                TIM8_BRK_IRQHandler
                0x0000000008001100                CAN1_SCE_IRQHandler
                0x0000000008001100                FLASH_IRQHandler
                0x0000000008001100                USART1_IRQHandler
                0x0000000008001100                OTG_FS_IRQHandler
                0x0000000008001100                SPI3_IRQHandler
                0x0000000008001100                I2C1_ER_IRQHandler
                0x0000000008001100                FMC_IRQHandler
                0x0000000008001100                LPTIM1_IRQHandler
                0x0000000008001100                I2C4_ER_IRQHandler
                0x0000000008001100                SAI1_IRQHandler
                0x0000000008001100                DMA2_Channel3_IRQHandler
                0x0000000008001100                TIM1_BRK_TIM15_IRQHandler
 *fill*         0x0000000008001102        0x2 
 .text.ST7735_Select
                0x0000000008001104       0x18 ./Drivers/BSP/ADA_st7735/st7735.o
 .text.ST7735_Unselect
                0x000000000800111c       0x18 ./Drivers/BSP/ADA_st7735/st7735.o
 .text.ST7735_Reset
                0x0000000008001134       0x28 ./Drivers/BSP/ADA_st7735/st7735.o
 .text.ST7735_WriteCommand
                0x000000000800115c       0x34 ./Drivers/BSP/ADA_st7735/st7735.o
 .text.ST7735_WriteData
                0x0000000008001190       0x34 ./Drivers/BSP/ADA_st7735/st7735.o
 .text.ST7735_ExecuteCommandList
                0x00000000080011c4       0x92 ./Drivers/BSP/ADA_st7735/st7735.o
 .text.ST7735_SetAddressWindow
                0x0000000008001256       0x68 ./Drivers/BSP/ADA_st7735/st7735.o
 *fill*         0x00000000080012be        0x2 
 .text.ST7735_Init
                0x00000000080012c0       0x44 ./Drivers/BSP/ADA_st7735/st7735.o
                0x00000000080012c0                ST7735_Init
 .text.ST7735_DrawPixel
                0x0000000008001304       0x68 ./Drivers/BSP/ADA_st7735/st7735.o
                0x0000000008001304                ST7735_DrawPixel
 .text.ST7735_FillRectangle
                0x000000000800136c       0xe4 ./Drivers/BSP/ADA_st7735/st7735.o
                0x000000000800136c                ST7735_FillRectangle
 .text.ST7735_FillScreen
                0x0000000008001450       0x22 ./Drivers/BSP/ADA_st7735/st7735.o
                0x0000000008001450                ST7735_FillScreen
 *fill*         0x0000000008001472        0x2 
 .text.mfxstm32l152_Init
                0x0000000008001474       0x5c ./Drivers/BSP/Components/mfxstm32l152/mfxstm32l152.o
                0x0000000008001474                mfxstm32l152_Init
 .text.mfxstm32l152_DeInit
                0x00000000080014d0       0x28 ./Drivers/BSP/Components/mfxstm32l152/mfxstm32l152.o
                0x00000000080014d0                mfxstm32l152_DeInit
 .text.mfxstm32l152_Reset
                0x00000000080014f8       0x24 ./Drivers/BSP/Components/mfxstm32l152/mfxstm32l152.o
                0x00000000080014f8                mfxstm32l152_Reset
 .text.mfxstm32l152_LowPower
                0x000000000800151c       0x22 ./Drivers/BSP/Components/mfxstm32l152/mfxstm32l152.o
                0x000000000800151c                mfxstm32l152_LowPower
 .text.mfxstm32l152_WakeUp
                0x000000000800153e       0x2c ./Drivers/BSP/Components/mfxstm32l152/mfxstm32l152.o
                0x000000000800153e                mfxstm32l152_WakeUp
 .text.mfxstm32l152_ReadID
                0x000000000800156a       0x2e ./Drivers/BSP/Components/mfxstm32l152/mfxstm32l152.o
                0x000000000800156a                mfxstm32l152_ReadID
 .text.mfxstm32l152_EnableITSource
                0x0000000008001598       0x3e ./Drivers/BSP/Components/mfxstm32l152/mfxstm32l152.o
                0x0000000008001598                mfxstm32l152_EnableITSource
 .text.mfxstm32l152_DisableITSource
                0x00000000080015d6       0x48 ./Drivers/BSP/Components/mfxstm32l152/mfxstm32l152.o
                0x00000000080015d6                mfxstm32l152_DisableITSource
 .text.mfxstm32l152_GlobalITStatus
                0x000000000800161e       0x2c ./Drivers/BSP/Components/mfxstm32l152/mfxstm32l152.o
                0x000000000800161e                mfxstm32l152_GlobalITStatus
 .text.mfxstm32l152_ClearGlobalIT
                0x000000000800164a       0x24 ./Drivers/BSP/Components/mfxstm32l152/mfxstm32l152.o
                0x000000000800164a                mfxstm32l152_ClearGlobalIT
 .text.mfxstm32l152_SetIrqOutPinPolarity
                0x000000000800166e       0x4c ./Drivers/BSP/Components/mfxstm32l152/mfxstm32l152.o
                0x000000000800166e                mfxstm32l152_SetIrqOutPinPolarity
 .text.mfxstm32l152_SetIrqOutPinType
                0x00000000080016ba       0x4c ./Drivers/BSP/Components/mfxstm32l152/mfxstm32l152.o
                0x00000000080016ba                mfxstm32l152_SetIrqOutPinType
 .text.mfxstm32l152_IO_Start
                0x0000000008001706       0x56 ./Drivers/BSP/Components/mfxstm32l152/mfxstm32l152.o
                0x0000000008001706                mfxstm32l152_IO_Start
 .text.mfxstm32l152_IO_Config
                0x000000000800175c      0x5d4 ./Drivers/BSP/Components/mfxstm32l152/mfxstm32l152.o
                0x000000000800175c                mfxstm32l152_IO_Config
 .text.mfxstm32l152_IO_InitPin
                0x0000000008001d30       0x24 ./Drivers/BSP/Components/mfxstm32l152/mfxstm32l152.o
                0x0000000008001d30                mfxstm32l152_IO_InitPin
 .text.mfxstm32l152_IO_SetIrqEvtMode
                0x0000000008001d54       0x2a ./Drivers/BSP/Components/mfxstm32l152/mfxstm32l152.o
                0x0000000008001d54                mfxstm32l152_IO_SetIrqEvtMode
 .text.mfxstm32l152_IO_SetIrqTypeMode
                0x0000000008001d7e       0x2a ./Drivers/BSP/Components/mfxstm32l152/mfxstm32l152.o
                0x0000000008001d7e                mfxstm32l152_IO_SetIrqTypeMode
 .text.mfxstm32l152_IO_WritePin
                0x0000000008001da8       0x38 ./Drivers/BSP/Components/mfxstm32l152/mfxstm32l152.o
                0x0000000008001da8                mfxstm32l152_IO_WritePin
 .text.mfxstm32l152_IO_ReadPin
                0x0000000008001de0       0x7c ./Drivers/BSP/Components/mfxstm32l152/mfxstm32l152.o
                0x0000000008001de0                mfxstm32l152_IO_ReadPin
 .text.mfxstm32l152_IO_EnableIT
                0x0000000008001e5c       0x20 ./Drivers/BSP/Components/mfxstm32l152/mfxstm32l152.o
                0x0000000008001e5c                mfxstm32l152_IO_EnableIT
 .text.mfxstm32l152_IO_DisableIT
                0x0000000008001e7c       0x1c ./Drivers/BSP/Components/mfxstm32l152/mfxstm32l152.o
                0x0000000008001e7c                mfxstm32l152_IO_DisableIT
 .text.mfxstm32l152_IO_EnablePinIT
                0x0000000008001e98       0x20 ./Drivers/BSP/Components/mfxstm32l152/mfxstm32l152.o
                0x0000000008001e98                mfxstm32l152_IO_EnablePinIT
 .text.mfxstm32l152_IO_DisablePinIT
                0x0000000008001eb8       0x20 ./Drivers/BSP/Components/mfxstm32l152/mfxstm32l152.o
                0x0000000008001eb8                mfxstm32l152_IO_DisablePinIT
 .text.mfxstm32l152_IO_ITStatus
                0x0000000008001ed8       0x82 ./Drivers/BSP/Components/mfxstm32l152/mfxstm32l152.o
                0x0000000008001ed8                mfxstm32l152_IO_ITStatus
 .text.mfxstm32l152_IO_ClearIT
                0x0000000008001f5a       0x5a ./Drivers/BSP/Components/mfxstm32l152/mfxstm32l152.o
                0x0000000008001f5a                mfxstm32l152_IO_ClearIT
 .text.mfxstm32l152_IDD_Start
                0x0000000008001fb4       0x40 ./Drivers/BSP/Components/mfxstm32l152/mfxstm32l152.o
                0x0000000008001fb4                mfxstm32l152_IDD_Start
 .text.mfxstm32l152_IDD_Config
                0x0000000008001ff4      0x2ca ./Drivers/BSP/Components/mfxstm32l152/mfxstm32l152.o
                0x0000000008001ff4                mfxstm32l152_IDD_Config
 .text.mfxstm32l152_IDD_GetValue
                0x00000000080022be       0x3a ./Drivers/BSP/Components/mfxstm32l152/mfxstm32l152.o
                0x00000000080022be                mfxstm32l152_IDD_GetValue
 .text.mfxstm32l152_IDD_EnableIT
                0x00000000080022f8       0x20 ./Drivers/BSP/Components/mfxstm32l152/mfxstm32l152.o
                0x00000000080022f8                mfxstm32l152_IDD_EnableIT
 .text.mfxstm32l152_IDD_ClearIT
                0x0000000008002318       0x1c ./Drivers/BSP/Components/mfxstm32l152/mfxstm32l152.o
                0x0000000008002318                mfxstm32l152_IDD_ClearIT
 .text.mfxstm32l152_IDD_GetITStatus
                0x0000000008002334       0x1e ./Drivers/BSP/Components/mfxstm32l152/mfxstm32l152.o
                0x0000000008002334                mfxstm32l152_IDD_GetITStatus
 .text.mfxstm32l152_IDD_DisableIT
                0x0000000008002352       0x1c ./Drivers/BSP/Components/mfxstm32l152/mfxstm32l152.o
                0x0000000008002352                mfxstm32l152_IDD_DisableIT
 .text.mfxstm32l152_Error_ReadSrc
                0x000000000800236e       0x22 ./Drivers/BSP/Components/mfxstm32l152/mfxstm32l152.o
                0x000000000800236e                mfxstm32l152_Error_ReadSrc
 .text.mfxstm32l152_Error_ReadMsg
                0x0000000008002390       0x22 ./Drivers/BSP/Components/mfxstm32l152/mfxstm32l152.o
                0x0000000008002390                mfxstm32l152_Error_ReadMsg
 .text.mfxstm32l152_Error_EnableIT
                0x00000000080023b2       0x20 ./Drivers/BSP/Components/mfxstm32l152/mfxstm32l152.o
                0x00000000080023b2                mfxstm32l152_Error_EnableIT
 .text.mfxstm32l152_Error_ClearIT
                0x00000000080023d2       0x1c ./Drivers/BSP/Components/mfxstm32l152/mfxstm32l152.o
                0x00000000080023d2                mfxstm32l152_Error_ClearIT
 .text.mfxstm32l152_Error_GetITStatus
                0x00000000080023ee       0x1e ./Drivers/BSP/Components/mfxstm32l152/mfxstm32l152.o
                0x00000000080023ee                mfxstm32l152_Error_GetITStatus
 .text.mfxstm32l152_Error_DisableIT
                0x000000000800240c       0x1c ./Drivers/BSP/Components/mfxstm32l152/mfxstm32l152.o
                0x000000000800240c                mfxstm32l152_Error_DisableIT
 .text.mfxstm32l152_GetInstance
                0x0000000008002428       0x40 ./Drivers/BSP/Components/mfxstm32l152/mfxstm32l152.o
 .text.mfxstm32l152_ReleaseInstance
                0x0000000008002468       0x48 ./Drivers/BSP/Components/mfxstm32l152/mfxstm32l152.o
 .text.mfxstm32l152_reg24_setPinValue
                0x00000000080024b0      0x10e ./Drivers/BSP/Components/mfxstm32l152/mfxstm32l152.o
 *fill*         0x00000000080025be        0x2 
 .text.ov5640_Init
                0x00000000080025c0      0x13c ./Drivers/BSP/Components/ov5640/ov5640.o
                0x00000000080025c0                ov5640_Init
 .text.OV5640_SetEffect
                0x00000000080026fc      0x314 ./Drivers/BSP/Components/ov5640/ov5640.o
                0x00000000080026fc                OV5640_SetEffect
 .text.OV5640_SetBrightness
                0x0000000008002a10      0x1ac ./Drivers/BSP/Components/ov5640/ov5640.o
                0x0000000008002a10                OV5640_SetBrightness
 .text.OV5640_SetContrast
                0x0000000008002bbc      0x21c ./Drivers/BSP/Components/ov5640/ov5640.o
                0x0000000008002bbc                OV5640_SetContrast
 .text.ov5640_Config
                0x0000000008002dd8       0x72 ./Drivers/BSP/Components/ov5640/ov5640.o
                0x0000000008002dd8                ov5640_Config
 .text.ov5640_ReadID
                0x0000000008002e4a       0x5e ./Drivers/BSP/Components/ov5640/ov5640.o
                0x0000000008002e4a                ov5640_ReadID
 .text.ov5640_ConvertValue
                0x0000000008002ea8      0x128 ./Drivers/BSP/Components/ov5640/ov5640.o
 .text.BSP_ErrorHandler
                0x0000000008002fd0        0x6 ./Drivers/BSP/STM32L4P5G-Discovery/stm32l4p5g_discovery.o
                0x0000000008002fd0                BSP_ErrorHandler
 *fill*         0x0000000008002fd6        0x2 
 .text.BSP_LED_Init
                0x0000000008002fd8       0xd4 ./Drivers/BSP/STM32L4P5G-Discovery/stm32l4p5g_discovery.o
                0x0000000008002fd8                BSP_LED_Init
 .text.BSP_LED_On
                0x00000000080030ac       0x34 ./Drivers/BSP/STM32L4P5G-Discovery/stm32l4p5g_discovery.o
                0x00000000080030ac                BSP_LED_On
 .text.I2C1_Init
                0x00000000080030e0       0x74 ./Drivers/BSP/STM32L4P5G-Discovery/stm32l4p5g_discovery.o
 .text.I2C1_MspInit
                0x0000000008003154       0xe0 ./Drivers/BSP/STM32L4P5G-Discovery/stm32l4p5g_discovery.o
 .text.I2C1_DeInit
                0x0000000008003234       0x48 ./Drivers/BSP/STM32L4P5G-Discovery/stm32l4p5g_discovery.o
                0x0000000008003234                I2C1_DeInit
 .text.I2C1_MspDeInit
                0x000000000800327c       0x68 ./Drivers/BSP/STM32L4P5G-Discovery/stm32l4p5g_discovery.o
 .text.I2C1_WriteData
                0x00000000080032e4       0x5c ./Drivers/BSP/STM32L4P5G-Discovery/stm32l4p5g_discovery.o
 .text.I2C1_ReadData
                0x0000000008003340       0x64 ./Drivers/BSP/STM32L4P5G-Discovery/stm32l4p5g_discovery.o
 .text.I2C1_isDeviceReady
                0x00000000080033a4       0x38 ./Drivers/BSP/STM32L4P5G-Discovery/stm32l4p5g_discovery.o
 .text.I2C1_ReadBuffer
                0x00000000080033dc       0x54 ./Drivers/BSP/STM32L4P5G-Discovery/stm32l4p5g_discovery.o
 .text.I2C1_Error
                0x0000000008003430       0x28 ./Drivers/BSP/STM32L4P5G-Discovery/stm32l4p5g_discovery.o
 .text.I2Cx_Init
                0x0000000008003458       0x68 ./Drivers/BSP/STM32L4P5G-Discovery/stm32l4p5g_discovery.o
 .text.I2Cx_ReadMultiple
                0x00000000080034c0       0x5a ./Drivers/BSP/STM32L4P5G-Discovery/stm32l4p5g_discovery.o
 .text.I2Cx_WriteMultiple
                0x000000000800351a       0x5a ./Drivers/BSP/STM32L4P5G-Discovery/stm32l4p5g_discovery.o
 .text.I2Cx_Error
                0x0000000008003574       0x24 ./Drivers/BSP/STM32L4P5G-Discovery/stm32l4p5g_discovery.o
 .text.MFX_IO_Init
                0x0000000008003598       0x20 ./Drivers/BSP/STM32L4P5G-Discovery/stm32l4p5g_discovery.o
                0x0000000008003598                MFX_IO_Init
 .text.MFX_IO_DeInit
                0x00000000080035b8       0x78 ./Drivers/BSP/STM32L4P5G-Discovery/stm32l4p5g_discovery.o
                0x00000000080035b8                MFX_IO_DeInit
 .text.MFX_IO_ITConfig
                0x0000000008003630       0x58 ./Drivers/BSP/STM32L4P5G-Discovery/stm32l4p5g_discovery.o
                0x0000000008003630                MFX_IO_ITConfig
 .text.MFX_IO_EnableWakeupPin
                0x0000000008003688       0x48 ./Drivers/BSP/STM32L4P5G-Discovery/stm32l4p5g_discovery.o
                0x0000000008003688                MFX_IO_EnableWakeupPin
 .text.MFX_IO_Wakeup
                0x00000000080036d0       0x28 ./Drivers/BSP/STM32L4P5G-Discovery/stm32l4p5g_discovery.o
                0x00000000080036d0                MFX_IO_Wakeup
 .text.MFX_IO_Write
                0x00000000080036f8       0x28 ./Drivers/BSP/STM32L4P5G-Discovery/stm32l4p5g_discovery.o
                0x00000000080036f8                MFX_IO_Write
 .text.MFX_IO_Read
                0x0000000008003720       0x28 ./Drivers/BSP/STM32L4P5G-Discovery/stm32l4p5g_discovery.o
                0x0000000008003720                MFX_IO_Read
 .text.MFX_IO_ReadMultiple
                0x0000000008003748       0x34 ./Drivers/BSP/STM32L4P5G-Discovery/stm32l4p5g_discovery.o
                0x0000000008003748                MFX_IO_ReadMultiple
 .text.MFX_IO_Delay
                0x000000000800377c       0x16 ./Drivers/BSP/STM32L4P5G-Discovery/stm32l4p5g_discovery.o
                0x000000000800377c                MFX_IO_Delay
 *fill*         0x0000000008003792        0x2 
 .text.CAMERA_IO_Init
                0x0000000008003794       0x14 ./Drivers/BSP/STM32L4P5G-Discovery/stm32l4p5g_discovery.o
                0x0000000008003794                CAMERA_IO_Init
 .text.CAMERA_IO_Write
                0x00000000080037a8       0x34 ./Drivers/BSP/STM32L4P5G-Discovery/stm32l4p5g_discovery.o
                0x00000000080037a8                CAMERA_IO_Write
 .text.CAMERA_IO_Read
                0x00000000080037dc       0x3c ./Drivers/BSP/STM32L4P5G-Discovery/stm32l4p5g_discovery.o
                0x00000000080037dc                CAMERA_IO_Read
 .text.CAMERA_Delay
                0x0000000008003818       0x16 ./Drivers/BSP/STM32L4P5G-Discovery/stm32l4p5g_discovery.o
                0x0000000008003818                CAMERA_Delay
 *fill*         0x000000000800382e        0x2 
 .text.BSP_CAMERA_Init
                0x0000000008003830       0xfc ./Drivers/BSP/STM32L4P5G-Discovery/stm32l4p5g_discovery_camera.o
                0x0000000008003830                BSP_CAMERA_Init
 .text.BSP_CAMERA_MspInit
                0x000000000800392c      0x1b4 ./Drivers/BSP/STM32L4P5G-Discovery/stm32l4p5g_discovery_camera.o
                0x000000000800392c                BSP_CAMERA_MspInit
 .text.HAL_DCMI_LineEventCallback
                0x0000000008003ae0       0x14 ./Drivers/BSP/STM32L4P5G-Discovery/stm32l4p5g_discovery_camera.o
                0x0000000008003ae0                HAL_DCMI_LineEventCallback
 .text.BSP_CAMERA_LineEventCallback
                0x0000000008003af4        0xe ./Drivers/BSP/STM32L4P5G-Discovery/stm32l4p5g_discovery_camera.o
                0x0000000008003af4                BSP_CAMERA_LineEventCallback
 .text.HAL_DCMI_VsyncEventCallback
                0x0000000008003b02       0x14 ./Drivers/BSP/STM32L4P5G-Discovery/stm32l4p5g_discovery_camera.o
                0x0000000008003b02                HAL_DCMI_VsyncEventCallback
 .text.BSP_CAMERA_VsyncEventCallback
                0x0000000008003b16        0xe ./Drivers/BSP/STM32L4P5G-Discovery/stm32l4p5g_discovery_camera.o
                0x0000000008003b16                BSP_CAMERA_VsyncEventCallback
 .text.HAL_DCMI_FrameEventCallback
                0x0000000008003b24       0x14 ./Drivers/BSP/STM32L4P5G-Discovery/stm32l4p5g_discovery_camera.o
                0x0000000008003b24                HAL_DCMI_FrameEventCallback
 .text.HAL_DCMI_ErrorCallback
                0x0000000008003b38       0x14 ./Drivers/BSP/STM32L4P5G-Discovery/stm32l4p5g_discovery_camera.o
                0x0000000008003b38                HAL_DCMI_ErrorCallback
 .text.BSP_CAMERA_ErrorCallback
                0x0000000008003b4c        0xe ./Drivers/BSP/STM32L4P5G-Discovery/stm32l4p5g_discovery_camera.o
                0x0000000008003b4c                BSP_CAMERA_ErrorCallback
 *fill*         0x0000000008003b5a        0x2 
 .text.BSP_IO_Init
                0x0000000008003b5c       0x88 ./Drivers/BSP/STM32L4P5G-Discovery/stm32l4p5g_discovery_io.o
                0x0000000008003b5c                BSP_IO_Init
 .text.BSP_IO_ConfigPin
                0x0000000008003be4       0x28 ./Drivers/BSP/STM32L4P5G-Discovery/stm32l4p5g_discovery_io.o
                0x0000000008003be4                BSP_IO_ConfigPin
 .text.BSP_IO_WritePin
                0x0000000008003c0c       0x28 ./Drivers/BSP/STM32L4P5G-Discovery/stm32l4p5g_discovery_io.o
                0x0000000008003c0c                BSP_IO_WritePin
 .text.BSP_IO_ReadPin
                0x0000000008003c34       0x24 ./Drivers/BSP/STM32L4P5G-Discovery/stm32l4p5g_discovery_io.o
                0x0000000008003c34                BSP_IO_ReadPin
 .text.HAL_Init
                0x0000000008003c58       0x30 ./Drivers/STM32L4xx_HAL_Driver/Src/stm32l4xx_hal.o
                0x0000000008003c58                HAL_Init
 .text.HAL_InitTick
                0x0000000008003c88       0x78 ./Drivers/STM32L4xx_HAL_Driver/Src/stm32l4xx_hal.o
                0x0000000008003c88                HAL_InitTick
 .text.HAL_IncTick
                0x0000000008003d00       0x28 ./Drivers/STM32L4xx_HAL_Driver/Src/stm32l4xx_hal.o
                0x0000000008003d00                HAL_IncTick
 .text.HAL_GetTick
                0x0000000008003d28       0x18 ./Drivers/STM32L4xx_HAL_Driver/Src/stm32l4xx_hal.o
                0x0000000008003d28                HAL_GetTick
 .text.HAL_Delay
                0x0000000008003d40       0x48 ./Drivers/STM32L4xx_HAL_Driver/Src/stm32l4xx_hal.o
                0x0000000008003d40                HAL_Delay
 .text.__NVIC_SetPriorityGrouping
                0x0000000008003d88       0x48 ./Drivers/STM32L4xx_HAL_Driver/Src/stm32l4xx_hal_cortex.o
 .text.__NVIC_GetPriorityGrouping
                0x0000000008003dd0       0x1c ./Drivers/STM32L4xx_HAL_Driver/Src/stm32l4xx_hal_cortex.o
 .text.__NVIC_EnableIRQ
                0x0000000008003dec       0x3c ./Drivers/STM32L4xx_HAL_Driver/Src/stm32l4xx_hal_cortex.o
 .text.__NVIC_DisableIRQ
                0x0000000008003e28       0x48 ./Drivers/STM32L4xx_HAL_Driver/Src/stm32l4xx_hal_cortex.o
 .text.__NVIC_SetPriority
                0x0000000008003e70       0x54 ./Drivers/STM32L4xx_HAL_Driver/Src/stm32l4xx_hal_cortex.o
 .text.NVIC_EncodePriority
                0x0000000008003ec4       0x66 ./Drivers/STM32L4xx_HAL_Driver/Src/stm32l4xx_hal_cortex.o
 *fill*         0x0000000008003f2a        0x2 
 .text.SysTick_Config
                0x0000000008003f2c       0x44 ./Drivers/STM32L4xx_HAL_Driver/Src/stm32l4xx_hal_cortex.o
 .text.HAL_NVIC_SetPriorityGrouping
                0x0000000008003f70       0x16 ./Drivers/STM32L4xx_HAL_Driver/Src/stm32l4xx_hal_cortex.o
                0x0000000008003f70                HAL_NVIC_SetPriorityGrouping
 .text.HAL_NVIC_SetPriority
                0x0000000008003f86       0x38 ./Drivers/STM32L4xx_HAL_Driver/Src/stm32l4xx_hal_cortex.o
                0x0000000008003f86                HAL_NVIC_SetPriority
 .text.HAL_NVIC_EnableIRQ
                0x0000000008003fbe       0x1c ./Drivers/STM32L4xx_HAL_Driver/Src/stm32l4xx_hal_cortex.o
                0x0000000008003fbe                HAL_NVIC_EnableIRQ
 .text.HAL_NVIC_DisableIRQ
                0x0000000008003fda       0x1c ./Drivers/STM32L4xx_HAL_Driver/Src/stm32l4xx_hal_cortex.o
                0x0000000008003fda                HAL_NVIC_DisableIRQ
 .text.HAL_SYSTICK_Config
                0x0000000008003ff6       0x18 ./Drivers/STM32L4xx_HAL_Driver/Src/stm32l4xx_hal_cortex.o
                0x0000000008003ff6                HAL_SYSTICK_Config
 *fill*         0x000000000800400e        0x2 
 .text.HAL_DCMI_Init
                0x0000000008004010      0x10c ./Drivers/STM32L4xx_HAL_Driver/Src/stm32l4xx_hal_dcmi.o
                0x0000000008004010                HAL_DCMI_Init
 .text.HAL_DCMI_Start_DMA
                0x000000000800411c      0x1a4 ./Drivers/STM32L4xx_HAL_Driver/Src/stm32l4xx_hal_dcmi.o
                0x000000000800411c                HAL_DCMI_Start_DMA
 .text.HAL_DCMI_IRQHandler
                0x00000000080042c0       0xf8 ./Drivers/STM32L4xx_HAL_Driver/Src/stm32l4xx_hal_dcmi.o
                0x00000000080042c0                HAL_DCMI_IRQHandler
 .text.HAL_DCMI_ConfigCrop
                0x00000000080043b8       0x84 ./Drivers/STM32L4xx_HAL_Driver/Src/stm32l4xx_hal_dcmi.o
                0x00000000080043b8                HAL_DCMI_ConfigCrop
 .text.HAL_DCMI_DisableCrop
                0x000000000800443c       0x54 ./Drivers/STM32L4xx_HAL_Driver/Src/stm32l4xx_hal_dcmi.o
                0x000000000800443c                HAL_DCMI_DisableCrop
 .text.HAL_DCMI_EnableCrop
                0x0000000008004490       0x54 ./Drivers/STM32L4xx_HAL_Driver/Src/stm32l4xx_hal_dcmi.o
                0x0000000008004490                HAL_DCMI_EnableCrop
 .text.DCMI_DMAXferCplt
                0x00000000080044e4      0x130 ./Drivers/STM32L4xx_HAL_Driver/Src/stm32l4xx_hal_dcmi.o
 .text.DCMI_DMAHalfXferCplt
                0x0000000008004614       0x98 ./Drivers/STM32L4xx_HAL_Driver/Src/stm32l4xx_hal_dcmi.o
 .text.DCMI_DMAError
                0x00000000080046ac       0x30 ./Drivers/STM32L4xx_HAL_Driver/Src/stm32l4xx_hal_dcmi.o
 .text.DCMI_TransferSize
                0x00000000080046dc      0x10c ./Drivers/STM32L4xx_HAL_Driver/Src/stm32l4xx_hal_dcmi.o
 .text.HAL_DMA_Init
                0x00000000080047e8      0x150 ./Drivers/STM32L4xx_HAL_Driver/Src/stm32l4xx_hal_dma.o
                0x00000000080047e8                HAL_DMA_Init
 .text.HAL_DMA_Start_IT
                0x0000000008004938       0xf6 ./Drivers/STM32L4xx_HAL_Driver/Src/stm32l4xx_hal_dma.o
                0x0000000008004938                HAL_DMA_Start_IT
 .text.HAL_DMA_Abort_IT
                0x0000000008004a2e       0xbe ./Drivers/STM32L4xx_HAL_Driver/Src/stm32l4xx_hal_dma.o
                0x0000000008004a2e                HAL_DMA_Abort_IT
 .text.HAL_DMA_IRQHandler
                0x0000000008004aec      0x15e ./Drivers/STM32L4xx_HAL_Driver/Src/stm32l4xx_hal_dma.o
                0x0000000008004aec                HAL_DMA_IRQHandler
 .text.DMA_SetConfig
                0x0000000008004c4a       0x7c ./Drivers/STM32L4xx_HAL_Driver/Src/stm32l4xx_hal_dma.o
 *fill*         0x0000000008004cc6        0x2 
 .text.DMA_CalcDMAMUXChannelBaseAndMask
                0x0000000008004cc8       0x7c ./Drivers/STM32L4xx_HAL_Driver/Src/stm32l4xx_hal_dma.o
 .text.DMA_CalcDMAMUXRequestGenBaseAndMask
                0x0000000008004d44       0x48 ./Drivers/STM32L4xx_HAL_Driver/Src/stm32l4xx_hal_dma.o
 .text.HAL_GPIO_Init
                0x0000000008004d8c      0x324 ./Drivers/STM32L4xx_HAL_Driver/Src/stm32l4xx_hal_gpio.o
                0x0000000008004d8c                HAL_GPIO_Init
 .text.HAL_GPIO_DeInit
                0x00000000080050b0      0x1e4 ./Drivers/STM32L4xx_HAL_Driver/Src/stm32l4xx_hal_gpio.o
                0x00000000080050b0                HAL_GPIO_DeInit
 .text.HAL_GPIO_WritePin
                0x0000000008005294       0x30 ./Drivers/STM32L4xx_HAL_Driver/Src/stm32l4xx_hal_gpio.o
                0x0000000008005294                HAL_GPIO_WritePin
 .text.HAL_I2C_Init
                0x00000000080052c4      0x11e ./Drivers/STM32L4xx_HAL_Driver/Src/stm32l4xx_hal_i2c.o
                0x00000000080052c4                HAL_I2C_Init
 .text.HAL_I2C_DeInit
                0x00000000080053e2       0x5e ./Drivers/STM32L4xx_HAL_Driver/Src/stm32l4xx_hal_i2c.o
                0x00000000080053e2                HAL_I2C_DeInit
 .text.HAL_I2C_Mem_Write
                0x0000000008005440      0x228 ./Drivers/STM32L4xx_HAL_Driver/Src/stm32l4xx_hal_i2c.o
                0x0000000008005440                HAL_I2C_Mem_Write
 .text.HAL_I2C_Mem_Read
                0x0000000008005668      0x234 ./Drivers/STM32L4xx_HAL_Driver/Src/stm32l4xx_hal_i2c.o
                0x0000000008005668                HAL_I2C_Mem_Read
 .text.HAL_I2C_IsDeviceReady
                0x000000000800589c      0x20e ./Drivers/STM32L4xx_HAL_Driver/Src/stm32l4xx_hal_i2c.o
                0x000000000800589c                HAL_I2C_IsDeviceReady
 .text.HAL_I2C_GetState
                0x0000000008005aaa       0x1c ./Drivers/STM32L4xx_HAL_Driver/Src/stm32l4xx_hal_i2c.o
                0x0000000008005aaa                HAL_I2C_GetState
 *fill*         0x0000000008005ac6        0x2 
 .text.I2C_RequestMemoryWrite
                0x0000000008005ac8       0xa8 ./Drivers/STM32L4xx_HAL_Driver/Src/stm32l4xx_hal_i2c.o
 .text.I2C_RequestMemoryRead
                0x0000000008005b70       0xa8 ./Drivers/STM32L4xx_HAL_Driver/Src/stm32l4xx_hal_i2c.o
 .text.I2C_Flush_TXDR
                0x0000000008005c18       0x48 ./Drivers/STM32L4xx_HAL_Driver/Src/stm32l4xx_hal_i2c.o
 .text.I2C_WaitOnFlagUntilTimeout
                0x0000000008005c60       0x80 ./Drivers/STM32L4xx_HAL_Driver/Src/stm32l4xx_hal_i2c.o
 .text.I2C_WaitOnTXISFlagUntilTimeout
                0x0000000008005ce0       0x80 ./Drivers/STM32L4xx_HAL_Driver/Src/stm32l4xx_hal_i2c.o
 .text.I2C_WaitOnSTOPFlagUntilTimeout
                0x0000000008005d60       0x78 ./Drivers/STM32L4xx_HAL_Driver/Src/stm32l4xx_hal_i2c.o
 .text.I2C_IsErrorOccurred
                0x0000000008005dd8      0x1d8 ./Drivers/STM32L4xx_HAL_Driver/Src/stm32l4xx_hal_i2c.o
 .text.I2C_TransferConfig
                0x0000000008005fb0       0x64 ./Drivers/STM32L4xx_HAL_Driver/Src/stm32l4xx_hal_i2c.o
 .text.HAL_I2CEx_ConfigAnalogFilter
                0x0000000008006014       0x96 ./Drivers/STM32L4xx_HAL_Driver/Src/stm32l4xx_hal_i2c_ex.o
                0x0000000008006014                HAL_I2CEx_ConfigAnalogFilter
 .text.HAL_I2CEx_ConfigDigitalFilter
                0x00000000080060aa       0x98 ./Drivers/STM32L4xx_HAL_Driver/Src/stm32l4xx_hal_i2c_ex.o
                0x00000000080060aa                HAL_I2CEx_ConfigDigitalFilter
 *fill*         0x0000000008006142        0x2 
 .text.HAL_PWREx_GetVoltageRange
                0x0000000008006144       0x40 ./Drivers/STM32L4xx_HAL_Driver/Src/stm32l4xx_hal_pwr_ex.o
                0x0000000008006144                HAL_PWREx_GetVoltageRange
 .text.HAL_PWREx_ControlVoltageScaling
                0x0000000008006184      0x148 ./Drivers/STM32L4xx_HAL_Driver/Src/stm32l4xx_hal_pwr_ex.o
                0x0000000008006184                HAL_PWREx_ControlVoltageScaling
 .text.HAL_PWREx_EnableVddIO2
                0x00000000080062cc       0x20 ./Drivers/STM32L4xx_HAL_Driver/Src/stm32l4xx_hal_pwr_ex.o
                0x00000000080062cc                HAL_PWREx_EnableVddIO2
 .text.HAL_RCC_OscConfig
                0x00000000080062ec      0x8f8 ./Drivers/STM32L4xx_HAL_Driver/Src/stm32l4xx_hal_rcc.o
                0x00000000080062ec                HAL_RCC_OscConfig
 .text.HAL_RCC_ClockConfig
                0x0000000008006be4      0x274 ./Drivers/STM32L4xx_HAL_Driver/Src/stm32l4xx_hal_rcc.o
                0x0000000008006be4                HAL_RCC_ClockConfig
 .text.HAL_RCC_MCOConfig
                0x0000000008006e58       0x68 ./Drivers/STM32L4xx_HAL_Driver/Src/stm32l4xx_hal_rcc.o
                0x0000000008006e58                HAL_RCC_MCOConfig
 .text.HAL_RCC_GetSysClockFreq
                0x0000000008006ec0      0x118 ./Drivers/STM32L4xx_HAL_Driver/Src/stm32l4xx_hal_rcc.o
                0x0000000008006ec0                HAL_RCC_GetSysClockFreq
 .text.RCC_SetFlashLatencyFromMSIRange
                0x0000000008006fd8       0xb4 ./Drivers/STM32L4xx_HAL_Driver/Src/stm32l4xx_hal_rcc.o
 .text.RCC_GetSysClockFreqFromPLLSource
                0x000000000800708c       0xcc ./Drivers/STM32L4xx_HAL_Driver/Src/stm32l4xx_hal_rcc.o
 .text.HAL_RCCEx_PeriphCLKConfig
                0x0000000008007158      0x6d8 ./Drivers/STM32L4xx_HAL_Driver/Src/stm32l4xx_hal_rcc_ex.o
                0x0000000008007158                HAL_RCCEx_PeriphCLKConfig
 .text.RCCEx_PLLSAI1_Config
                0x0000000008007830      0x1e8 ./Drivers/STM32L4xx_HAL_Driver/Src/stm32l4xx_hal_rcc_ex.o
 .text.RCCEx_PLLSAI2_Config
                0x0000000008007a18      0x1e8 ./Drivers/STM32L4xx_HAL_Driver/Src/stm32l4xx_hal_rcc_ex.o
 .text.HAL_SPI_Init
                0x0000000008007c00      0x146 ./Drivers/STM32L4xx_HAL_Driver/Src/stm32l4xx_hal_spi.o
                0x0000000008007c00                HAL_SPI_Init
 .text.HAL_SPI_Transmit
                0x0000000008007d46      0x2dc ./Drivers/STM32L4xx_HAL_Driver/Src/stm32l4xx_hal_spi.o
                0x0000000008007d46                HAL_SPI_Transmit
 *fill*         0x0000000008008022        0x2 
 .text.SPI_WaitFlagStateUntilTimeout
                0x0000000008008024      0x110 ./Drivers/STM32L4xx_HAL_Driver/Src/stm32l4xx_hal_spi.o
 .text.SPI_WaitFifoStateUntilTimeout
                0x0000000008008134      0x12c ./Drivers/STM32L4xx_HAL_Driver/Src/stm32l4xx_hal_spi.o
 .text.SPI_EndRxTxTransaction
                0x0000000008008260       0x8c ./Drivers/STM32L4xx_HAL_Driver/Src/stm32l4xx_hal_spi.o
 .text.__errno  0x00000000080082ec        0xc c:/st/stm32cubeide_1.11.0/stm32cubeide/plugins/com.st.stm32cube.ide.mcu.externaltools.gnu-tools-for-stm32.10.3-2021.10.win32_1.0.200.202301161003/tools/bin/../lib/gcc/arm-none-eabi/10.3.1/../../../../arm-none-eabi/lib/thumb/v7e-m+fp/hard\libc_nano.a(lib_a-errno.o)
                0x00000000080082ec                __errno
 .text.__libc_init_array
                0x00000000080082f8       0x48 c:/st/stm32cubeide_1.11.0/stm32cubeide/plugins/com.st.stm32cube.ide.mcu.externaltools.gnu-tools-for-stm32.10.3-2021.10.win32_1.0.200.202301161003/tools/bin/../lib/gcc/arm-none-eabi/10.3.1/../../../../arm-none-eabi/lib/thumb/v7e-m+fp/hard\libc_nano.a(lib_a-init.o)
                0x00000000080082f8                __libc_init_array
 .text.memset   0x0000000008008340       0x10 c:/st/stm32cubeide_1.11.0/stm32cubeide/plugins/com.st.stm32cube.ide.mcu.externaltools.gnu-tools-for-stm32.10.3-2021.10.win32_1.0.200.202301161003/tools/bin/../lib/gcc/arm-none-eabi/10.3.1/../../../../arm-none-eabi/lib/thumb/v7e-m+fp/hard\libc_nano.a(lib_a-memset.o)
                0x0000000008008340                memset
 .text._free_r  0x0000000008008350       0x98 c:/st/stm32cubeide_1.11.0/stm32cubeide/plugins/com.st.stm32cube.ide.mcu.externaltools.gnu-tools-for-stm32.10.3-2021.10.win32_1.0.200.202301161003/tools/bin/../lib/gcc/arm-none-eabi/10.3.1/../../../../arm-none-eabi/lib/thumb/v7e-m+fp/hard\libc_nano.a(lib_a-nano-freer.o)
                0x0000000008008350                _free_r
 .text.sbrk_aligned
                0x00000000080083e8       0x40 c:/st/stm32cubeide_1.11.0/stm32cubeide/plugins/com.st.stm32cube.ide.mcu.externaltools.gnu-tools-for-stm32.10.3-2021.10.win32_1.0.200.202301161003/tools/bin/../lib/gcc/arm-none-eabi/10.3.1/../../../../arm-none-eabi/lib/thumb/v7e-m+fp/hard\libc_nano.a(lib_a-nano-mallocr.o)
 .text._malloc_r
                0x0000000008008428       0xe8 c:/st/stm32cubeide_1.11.0/stm32cubeide/plugins/com.st.stm32cube.ide.mcu.externaltools.gnu-tools-for-stm32.10.3-2021.10.win32_1.0.200.202301161003/tools/bin/../lib/gcc/arm-none-eabi/10.3.1/../../../../arm-none-eabi/lib/thumb/v7e-m+fp/hard\libc_nano.a(lib_a-nano-mallocr.o)
                0x0000000008008428                _malloc_r
 .text.printf   0x0000000008008510       0x30 c:/st/stm32cubeide_1.11.0/stm32cubeide/plugins/com.st.stm32cube.ide.mcu.externaltools.gnu-tools-for-stm32.10.3-2021.10.win32_1.0.200.202301161003/tools/bin/../lib/gcc/arm-none-eabi/10.3.1/../../../../arm-none-eabi/lib/thumb/v7e-m+fp/hard\libc_nano.a(lib_a-printf.o)
                0x0000000008008510                iprintf
                0x0000000008008510                printf
 .text._sbrk_r  0x0000000008008540       0x20 c:/st/stm32cubeide_1.11.0/stm32cubeide/plugins/com.st.stm32cube.ide.mcu.externaltools.gnu-tools-for-stm32.10.3-2021.10.win32_1.0.200.202301161003/tools/bin/../lib/gcc/arm-none-eabi/10.3.1/../../../../arm-none-eabi/lib/thumb/v7e-m+fp/hard\libc_nano.a(lib_a-sbrkr.o)
                0x0000000008008540                _sbrk_r
 .text.std      0x0000000008008560       0x48 c:/st/stm32cubeide_1.11.0/stm32cubeide/plugins/com.st.stm32cube.ide.mcu.externaltools.gnu-tools-for-stm32.10.3-2021.10.win32_1.0.200.202301161003/tools/bin/../lib/gcc/arm-none-eabi/10.3.1/../../../../arm-none-eabi/lib/thumb/v7e-m+fp/hard\libc_nano.a(lib_a-findfp.o)
 .text._cleanup_r
                0x00000000080085a8        0xc c:/st/stm32cubeide_1.11.0/stm32cubeide/plugins/com.st.stm32cube.ide.mcu.externaltools.gnu-tools-for-stm32.10.3-2021.10.win32_1.0.200.202301161003/tools/bin/../lib/gcc/arm-none-eabi/10.3.1/../../../../arm-none-eabi/lib/thumb/v7e-m+fp/hard\libc_nano.a(lib_a-findfp.o)
                0x00000000080085a8                _cleanup_r
 .text.__sfmoreglue
                0x00000000080085b4       0x2c c:/st/stm32cubeide_1.11.0/stm32cubeide/plugins/com.st.stm32cube.ide.mcu.externaltools.gnu-tools-for-stm32.10.3-2021.10.win32_1.0.200.202301161003/tools/bin/../lib/gcc/arm-none-eabi/10.3.1/../../../../arm-none-eabi/lib/thumb/v7e-m+fp/hard\libc_nano.a(lib_a-findfp.o)
                0x00000000080085b4                __sfmoreglue
 .text.__sfp_lock_acquire
                0x00000000080085e0        0xc c:/st/stm32cubeide_1.11.0/stm32cubeide/plugins/com.st.stm32cube.ide.mcu.externaltools.gnu-tools-for-stm32.10.3-2021.10.win32_1.0.200.202301161003/tools/bin/../lib/gcc/arm-none-eabi/10.3.1/../../../../arm-none-eabi/lib/thumb/v7e-m+fp/hard\libc_nano.a(lib_a-findfp.o)
                0x00000000080085e0                __sfp_lock_acquire
 .text.__sfp_lock_release
                0x00000000080085ec        0xc c:/st/stm32cubeide_1.11.0/stm32cubeide/plugins/com.st.stm32cube.ide.mcu.externaltools.gnu-tools-for-stm32.10.3-2021.10.win32_1.0.200.202301161003/tools/bin/../lib/gcc/arm-none-eabi/10.3.1/../../../../arm-none-eabi/lib/thumb/v7e-m+fp/hard\libc_nano.a(lib_a-findfp.o)
                0x00000000080085ec                __sfp_lock_release
 .text.__sinit_lock_acquire
                0x00000000080085f8        0xc c:/st/stm32cubeide_1.11.0/stm32cubeide/plugins/com.st.stm32cube.ide.mcu.externaltools.gnu-tools-for-stm32.10.3-2021.10.win32_1.0.200.202301161003/tools/bin/../lib/gcc/arm-none-eabi/10.3.1/../../../../arm-none-eabi/lib/thumb/v7e-m+fp/hard\libc_nano.a(lib_a-findfp.o)
                0x00000000080085f8                __sinit_lock_acquire
 .text.__sinit_lock_release
                0x0000000008008604        0xc c:/st/stm32cubeide_1.11.0/stm32cubeide/plugins/com.st.stm32cube.ide.mcu.externaltools.gnu-tools-for-stm32.10.3-2021.10.win32_1.0.200.202301161003/tools/bin/../lib/gcc/arm-none-eabi/10.3.1/../../../../arm-none-eabi/lib/thumb/v7e-m+fp/hard\libc_nano.a(lib_a-findfp.o)
                0x0000000008008604                __sinit_lock_release
 .text.__sinit  0x0000000008008610       0x70 c:/st/stm32cubeide_1.11.0/stm32cubeide/plugins/com.st.stm32cube.ide.mcu.externaltools.gnu-tools-for-stm32.10.3-2021.10.win32_1.0.200.202301161003/tools/bin/../lib/gcc/arm-none-eabi/10.3.1/../../../../arm-none-eabi/lib/thumb/v7e-m+fp/hard\libc_nano.a(lib_a-findfp.o)
                0x0000000008008610                __sinit
 .text.__sfp    0x0000000008008680       0x8c c:/st/stm32cubeide_1.11.0/stm32cubeide/plugins/com.st.stm32cube.ide.mcu.externaltools.gnu-tools-for-stm32.10.3-2021.10.win32_1.0.200.202301161003/tools/bin/../lib/gcc/arm-none-eabi/10.3.1/../../../../arm-none-eabi/lib/thumb/v7e-m+fp/hard\libc_nano.a(lib_a-findfp.o)
                0x0000000008008680                __sfp
 .text._fwalk_reent
                0x000000000800870c       0x3e c:/st/stm32cubeide_1.11.0/stm32cubeide/plugins/com.st.stm32cube.ide.mcu.externaltools.gnu-tools-for-stm32.10.3-2021.10.win32_1.0.200.202301161003/tools/bin/../lib/gcc/arm-none-eabi/10.3.1/../../../../arm-none-eabi/lib/thumb/v7e-m+fp/hard\libc_nano.a(lib_a-fwalk.o)
                0x000000000800870c                _fwalk_reent
 .text.__retarget_lock_init_recursive
                0x000000000800874a        0x2 c:/st/stm32cubeide_1.11.0/stm32cubeide/plugins/com.st.stm32cube.ide.mcu.externaltools.gnu-tools-for-stm32.10.3-2021.10.win32_1.0.200.202301161003/tools/bin/../lib/gcc/arm-none-eabi/10.3.1/../../../../arm-none-eabi/lib/thumb/v7e-m+fp/hard\libc_nano.a(lib_a-lock.o)
                0x000000000800874a                __retarget_lock_init_recursive
 .text.__retarget_lock_acquire_recursive
                0x000000000800874c        0x2 c:/st/stm32cubeide_1.11.0/stm32cubeide/plugins/com.st.stm32cube.ide.mcu.externaltools.gnu-tools-for-stm32.10.3-2021.10.win32_1.0.200.202301161003/tools/bin/../lib/gcc/arm-none-eabi/10.3.1/../../../../arm-none-eabi/lib/thumb/v7e-m+fp/hard\libc_nano.a(lib_a-lock.o)
                0x000000000800874c                __retarget_lock_acquire_recursive
 .text.__retarget_lock_release_recursive
                0x000000000800874e        0x2 c:/st/stm32cubeide_1.11.0/stm32cubeide/plugins/com.st.stm32cube.ide.mcu.externaltools.gnu-tools-for-stm32.10.3-2021.10.win32_1.0.200.202301161003/tools/bin/../lib/gcc/arm-none-eabi/10.3.1/../../../../arm-none-eabi/lib/thumb/v7e-m+fp/hard\libc_nano.a(lib_a-lock.o)
                0x000000000800874e                __retarget_lock_release_recursive
 .text.__malloc_lock
                0x0000000008008750        0xc c:/st/stm32cubeide_1.11.0/stm32cubeide/plugins/com.st.stm32cube.ide.mcu.externaltools.gnu-tools-for-stm32.10.3-2021.10.win32_1.0.200.202301161003/tools/bin/../lib/gcc/arm-none-eabi/10.3.1/../../../../arm-none-eabi/lib/thumb/v7e-m+fp/hard\libc_nano.a(lib_a-mlock.o)
                0x0000000008008750                __malloc_lock
 .text.__malloc_unlock
                0x000000000800875c        0xc c:/st/stm32cubeide_1.11.0/stm32cubeide/plugins/com.st.stm32cube.ide.mcu.externaltools.gnu-tools-for-stm32.10.3-2021.10.win32_1.0.200.202301161003/tools/bin/../lib/gcc/arm-none-eabi/10.3.1/../../../../arm-none-eabi/lib/thumb/v7e-m+fp/hard\libc_nano.a(lib_a-mlock.o)
                0x000000000800875c                __malloc_unlock
 .text.__sfputc_r
                0x0000000008008768       0x2e c:/st/stm32cubeide_1.11.0/stm32cubeide/plugins/com.st.stm32cube.ide.mcu.externaltools.gnu-tools-for-stm32.10.3-2021.10.win32_1.0.200.202301161003/tools/bin/../lib/gcc/arm-none-eabi/10.3.1/../../../../arm-none-eabi/lib/thumb/v7e-m+fp/hard\libc_nano.a(lib_a-nano-vfprintf.o)
 .text.__sfputs_r
                0x0000000008008796       0x24 c:/st/stm32cubeide_1.11.0/stm32cubeide/plugins/com.st.stm32cube.ide.mcu.externaltools.gnu-tools-for-stm32.10.3-2021.10.win32_1.0.200.202301161003/tools/bin/../lib/gcc/arm-none-eabi/10.3.1/../../../../arm-none-eabi/lib/thumb/v7e-m+fp/hard\libc_nano.a(lib_a-nano-vfprintf.o)
                0x0000000008008796                __sfputs_r
 *fill*         0x00000000080087ba        0x2 
 .text._vfprintf_r
                0x00000000080087bc      0x260 c:/st/stm32cubeide_1.11.0/stm32cubeide/plugins/com.st.stm32cube.ide.mcu.externaltools.gnu-tools-for-stm32.10.3-2021.10.win32_1.0.200.202301161003/tools/bin/../lib/gcc/arm-none-eabi/10.3.1/../../../../arm-none-eabi/lib/thumb/v7e-m+fp/hard\libc_nano.a(lib_a-nano-vfprintf.o)
                0x00000000080087bc                _vfprintf_r
                0x00000000080087bc                _vfiprintf_r
 .text._printf_common
                0x0000000008008a1c       0xda c:/st/stm32cubeide_1.11.0/stm32cubeide/plugins/com.st.stm32cube.ide.mcu.externaltools.gnu-tools-for-stm32.10.3-2021.10.win32_1.0.200.202301161003/tools/bin/../lib/gcc/arm-none-eabi/10.3.1/../../../../arm-none-eabi/lib/thumb/v7e-m+fp/hard\libc_nano.a(lib_a-nano-vfprintf_i.o)
                0x0000000008008a1c                _printf_common
 *fill*         0x0000000008008af6        0x2 
 .text._printf_i
                0x0000000008008af8      0x24c c:/st/stm32cubeide_1.11.0/stm32cubeide/plugins/com.st.stm32cube.ide.mcu.externaltools.gnu-tools-for-stm32.10.3-2021.10.win32_1.0.200.202301161003/tools/bin/../lib/gcc/arm-none-eabi/10.3.1/../../../../arm-none-eabi/lib/thumb/v7e-m+fp/hard\libc_nano.a(lib_a-nano-vfprintf_i.o)
                0x0000000008008af8                _printf_i
 .text.__sread  0x0000000008008d44       0x22 c:/st/stm32cubeide_1.11.0/stm32cubeide/plugins/com.st.stm32cube.ide.mcu.externaltools.gnu-tools-for-stm32.10.3-2021.10.win32_1.0.200.202301161003/tools/bin/../lib/gcc/arm-none-eabi/10.3.1/../../../../arm-none-eabi/lib/thumb/v7e-m+fp/hard\libc_nano.a(lib_a-stdio.o)
                0x0000000008008d44                __sread
 .text.__swrite
                0x0000000008008d66       0x38 c:/st/stm32cubeide_1.11.0/stm32cubeide/plugins/com.st.stm32cube.ide.mcu.externaltools.gnu-tools-for-stm32.10.3-2021.10.win32_1.0.200.202301161003/tools/bin/../lib/gcc/arm-none-eabi/10.3.1/../../../../arm-none-eabi/lib/thumb/v7e-m+fp/hard\libc_nano.a(lib_a-stdio.o)
                0x0000000008008d66                __swrite
 .text.__sseek  0x0000000008008d9e       0x24 c:/st/stm32cubeide_1.11.0/stm32cubeide/plugins/com.st.stm32cube.ide.mcu.externaltools.gnu-tools-for-stm32.10.3-2021.10.win32_1.0.200.202301161003/tools/bin/../lib/gcc/arm-none-eabi/10.3.1/../../../../arm-none-eabi/lib/thumb/v7e-m+fp/hard\libc_nano.a(lib_a-stdio.o)
                0x0000000008008d9e                __sseek
 .text.__sclose
                0x0000000008008dc2        0x8 c:/st/stm32cubeide_1.11.0/stm32cubeide/plugins/com.st.stm32cube.ide.mcu.externaltools.gnu-tools-for-stm32.10.3-2021.10.win32_1.0.200.202301161003/tools/bin/../lib/gcc/arm-none-eabi/10.3.1/../../../../arm-none-eabi/lib/thumb/v7e-m+fp/hard\libc_nano.a(lib_a-stdio.o)
                0x0000000008008dc2                __sclose
 *fill*         0x0000000008008dca        0x2 
 .text.__swbuf_r
                0x0000000008008dcc       0xa4 c:/st/stm32cubeide_1.11.0/stm32cubeide/plugins/com.st.stm32cube.ide.mcu.externaltools.gnu-tools-for-stm32.10.3-2021.10.win32_1.0.200.202301161003/tools/bin/../lib/gcc/arm-none-eabi/10.3.1/../../../../arm-none-eabi/lib/thumb/v7e-m+fp/hard\libc_nano.a(lib_a-wbuf.o)
                0x0000000008008dcc                __swbuf_r
 .text._write_r
                0x0000000008008e70       0x24 c:/st/stm32cubeide_1.11.0/stm32cubeide/plugins/com.st.stm32cube.ide.mcu.externaltools.gnu-tools-for-stm32.10.3-2021.10.win32_1.0.200.202301161003/tools/bin/../lib/gcc/arm-none-eabi/10.3.1/../../../../arm-none-eabi/lib/thumb/v7e-m+fp/hard\libc_nano.a(lib_a-writer.o)
                0x0000000008008e70                _write_r
 .text.__swsetup_r
                0x0000000008008e94       0xdc c:/st/stm32cubeide_1.11.0/stm32cubeide/plugins/com.st.stm32cube.ide.mcu.externaltools.gnu-tools-for-stm32.10.3-2021.10.win32_1.0.200.202301161003/tools/bin/../lib/gcc/arm-none-eabi/10.3.1/../../../../arm-none-eabi/lib/thumb/v7e-m+fp/hard\libc_nano.a(lib_a-wsetup.o)
                0x0000000008008e94                __swsetup_r
 .text._close_r
                0x0000000008008f70       0x20 c:/st/stm32cubeide_1.11.0/stm32cubeide/plugins/com.st.stm32cube.ide.mcu.externaltools.gnu-tools-for-stm32.10.3-2021.10.win32_1.0.200.202301161003/tools/bin/../lib/gcc/arm-none-eabi/10.3.1/../../../../arm-none-eabi/lib/thumb/v7e-m+fp/hard\libc_nano.a(lib_a-closer.o)
                0x0000000008008f70                _close_r
 .text.__sflush_r
                0x0000000008008f90      0x10c c:/st/stm32cubeide_1.11.0/stm32cubeide/plugins/com.st.stm32cube.ide.mcu.externaltools.gnu-tools-for-stm32.10.3-2021.10.win32_1.0.200.202301161003/tools/bin/../lib/gcc/arm-none-eabi/10.3.1/../../../../arm-none-eabi/lib/thumb/v7e-m+fp/hard\libc_nano.a(lib_a-fflush.o)
                0x0000000008008f90                __sflush_r
 .text._fflush_r
                0x000000000800909c       0x78 c:/st/stm32cubeide_1.11.0/stm32cubeide/plugins/com.st.stm32cube.ide.mcu.externaltools.gnu-tools-for-stm32.10.3-2021.10.win32_1.0.200.202301161003/tools/bin/../lib/gcc/arm-none-eabi/10.3.1/../../../../arm-none-eabi/lib/thumb/v7e-m+fp/hard\libc_nano.a(lib_a-fflush.o)
                0x000000000800909c                _fflush_r
 .text._lseek_r
                0x0000000008009114       0x24 c:/st/stm32cubeide_1.11.0/stm32cubeide/plugins/com.st.stm32cube.ide.mcu.externaltools.gnu-tools-for-stm32.10.3-2021.10.win32_1.0.200.202301161003/tools/bin/../lib/gcc/arm-none-eabi/10.3.1/../../../../arm-none-eabi/lib/thumb/v7e-m+fp/hard\libc_nano.a(lib_a-lseekr.o)
                0x0000000008009114                _lseek_r
 .text.__swhatbuf_r
                0x0000000008009138       0x4a c:/st/stm32cubeide_1.11.0/stm32cubeide/plugins/com.st.stm32cube.ide.mcu.externaltools.gnu-tools-for-stm32.10.3-2021.10.win32_1.0.200.202301161003/tools/bin/../lib/gcc/arm-none-eabi/10.3.1/../../../../arm-none-eabi/lib/thumb/v7e-m+fp/hard\libc_nano.a(lib_a-makebuf.o)
                0x0000000008009138                __swhatbuf_r
 *fill*         0x0000000008009182        0x2 
 .text.__smakebuf_r
                0x0000000008009184       0x80 c:/st/stm32cubeide_1.11.0/stm32cubeide/plugins/com.st.stm32cube.ide.mcu.externaltools.gnu-tools-for-stm32.10.3-2021.10.win32_1.0.200.202301161003/tools/bin/../lib/gcc/arm-none-eabi/10.3.1/../../../../arm-none-eabi/lib/thumb/v7e-m+fp/hard\libc_nano.a(lib_a-makebuf.o)
                0x0000000008009184                __smakebuf_r
 .text._read_r  0x0000000008009204       0x24 c:/st/stm32cubeide_1.11.0/stm32cubeide/plugins/com.st.stm32cube.ide.mcu.externaltools.gnu-tools-for-stm32.10.3-2021.10.win32_1.0.200.202301161003/tools/bin/../lib/gcc/arm-none-eabi/10.3.1/../../../../arm-none-eabi/lib/thumb/v7e-m+fp/hard\libc_nano.a(lib_a-readr.o)
                0x0000000008009204                _read_r
 .text._fstat_r
                0x0000000008009228       0x24 c:/st/stm32cubeide_1.11.0/stm32cubeide/plugins/com.st.stm32cube.ide.mcu.externaltools.gnu-tools-for-stm32.10.3-2021.10.win32_1.0.200.202301161003/tools/bin/../lib/gcc/arm-none-eabi/10.3.1/../../../../arm-none-eabi/lib/thumb/v7e-m+fp/hard\libc_nano.a(lib_a-fstatr.o)
                0x0000000008009228                _fstat_r
 .text._isatty_r
                0x000000000800924c       0x20 c:/st/stm32cubeide_1.11.0/stm32cubeide/plugins/com.st.stm32cube.ide.mcu.externaltools.gnu-tools-for-stm32.10.3-2021.10.win32_1.0.200.202301161003/tools/bin/../lib/gcc/arm-none-eabi/10.3.1/../../../../arm-none-eabi/lib/thumb/v7e-m+fp/hard\libc_nano.a(lib_a-isattyr.o)
                0x000000000800924c                _isatty_r
 *(.glue_7)
 .glue_7        0x000000000800926c        0x0 linker stubs
 *(.glue_7t)
 .glue_7t       0x000000000800926c        0x0 linker stubs
 *(.eh_frame)
 .eh_frame      0x000000000800926c        0x0 c:/st/stm32cubeide_1.11.0/stm32cubeide/plugins/com.st.stm32cube.ide.mcu.externaltools.gnu-tools-for-stm32.10.3-2021.10.win32_1.0.200.202301161003/tools/bin/../lib/gcc/arm-none-eabi/10.3.1/thumb/v7e-m+fp/hard/crtbegin.o
 *(.init)
 .init          0x000000000800926c        0x4 c:/st/stm32cubeide_1.11.0/stm32cubeide/plugins/com.st.stm32cube.ide.mcu.externaltools.gnu-tools-for-stm32.10.3-2021.10.win32_1.0.200.202301161003/tools/bin/../lib/gcc/arm-none-eabi/10.3.1/thumb/v7e-m+fp/hard/crti.o
                0x000000000800926c                _init
 .init          0x0000000008009270        0x8 c:/st/stm32cubeide_1.11.0/stm32cubeide/plugins/com.st.stm32cube.ide.mcu.externaltools.gnu-tools-for-stm32.10.3-2021.10.win32_1.0.200.202301161003/tools/bin/../lib/gcc/arm-none-eabi/10.3.1/thumb/v7e-m+fp/hard/crtn.o
 *(.fini)
 .fini          0x0000000008009278        0x4 c:/st/stm32cubeide_1.11.0/stm32cubeide/plugins/com.st.stm32cube.ide.mcu.externaltools.gnu-tools-for-stm32.10.3-2021.10.win32_1.0.200.202301161003/tools/bin/../lib/gcc/arm-none-eabi/10.3.1/thumb/v7e-m+fp/hard/crti.o
                0x0000000008009278                _fini
 .fini          0x000000000800927c        0x8 c:/st/stm32cubeide_1.11.0/stm32cubeide/plugins/com.st.stm32cube.ide.mcu.externaltools.gnu-tools-for-stm32.10.3-2021.10.win32_1.0.200.202301161003/tools/bin/../lib/gcc/arm-none-eabi/10.3.1/thumb/v7e-m+fp/hard/crtn.o
                0x0000000008009284                . = ALIGN (0x4)
                0x0000000008009284                _etext = .

.vfp11_veneer   0x0000000008009284        0x0
 .vfp11_veneer  0x0000000008009284        0x0 linker stubs

.v4_bx          0x0000000008009284        0x0
 .v4_bx         0x0000000008009284        0x0 linker stubs

.iplt           0x0000000008009284        0x0
 .iplt          0x0000000008009284        0x0 c:/st/stm32cubeide_1.11.0/stm32cubeide/plugins/com.st.stm32cube.ide.mcu.externaltools.gnu-tools-for-stm32.10.3-2021.10.win32_1.0.200.202301161003/tools/bin/../lib/gcc/arm-none-eabi/10.3.1/thumb/v7e-m+fp/hard/crtbegin.o

.rodata         0x0000000008009284      0x61c
                0x0000000008009284                . = ALIGN (0x4)
 *(.rodata)
 .rodata        0x0000000008009284       0x1d ./Core/Src/main.o
 *(.rodata*)
 *fill*         0x00000000080092a1        0x3 
 .rodata.AHBPrescTable
                0x00000000080092a4       0x10 ./Core/Src/system_stm32l4xx.o
                0x00000000080092a4                AHBPrescTable
 .rodata.MSIRangeTable
                0x00000000080092b4       0x30 ./Core/Src/system_stm32l4xx.o
                0x00000000080092b4                MSIRangeTable
 .rodata.init_cmds1
                0x00000000080092e4       0x3b ./Drivers/BSP/ADA_st7735/st7735.o
 *fill*         0x000000000800931f        0x1 
 .rodata.init_cmds2
                0x0000000008009320        0xd ./Drivers/BSP/ADA_st7735/st7735.o
 *fill*         0x000000000800932d        0x3 
 .rodata.init_cmds3
                0x0000000008009330       0x2b ./Drivers/BSP/ADA_st7735/st7735.o
 *fill*         0x000000000800935b        0x1 
 .rodata.OV5640_Init
                0x000000000800935c      0x3f8 ./Drivers/BSP/Components/ov5640/ov5640.o
                0x000000000800935c                OV5640_Init
 .rodata.OV5640_VGA
                0x0000000008009754       0x1c ./Drivers/BSP/Components/ov5640/ov5640.o
                0x0000000008009754                OV5640_VGA
 .rodata.OV5640_480x272
                0x0000000008009770       0x1c ./Drivers/BSP/Components/ov5640/ov5640.o
                0x0000000008009770                OV5640_480x272
 .rodata.OV5640_QVGA
                0x000000000800978c       0x1c ./Drivers/BSP/Components/ov5640/ov5640.o
                0x000000000800978c                OV5640_QVGA
 .rodata.OV5640_QQVGA
                0x00000000080097a8       0x1c ./Drivers/BSP/Components/ov5640/ov5640.o
                0x00000000080097a8                OV5640_QQVGA
 .rodata.LED_PIN
                0x00000000080097c4        0x4 ./Drivers/BSP/STM32L4P5G-Discovery/stm32l4p5g_discovery.o
                0x00000000080097c4                LED_PIN
 .rodata.PrimeArray.0
                0x00000000080097c8       0x40 ./Drivers/STM32L4xx_HAL_Driver/Src/stm32l4xx_hal_dcmi.o
 .rodata._global_impure_ptr
                0x0000000008009808        0x4 c:/st/stm32cubeide_1.11.0/stm32cubeide/plugins/com.st.stm32cube.ide.mcu.externaltools.gnu-tools-for-stm32.10.3-2021.10.win32_1.0.200.202301161003/tools/bin/../lib/gcc/arm-none-eabi/10.3.1/../../../../arm-none-eabi/lib/thumb/v7e-m+fp/hard\libc_nano.a(lib_a-impure.o)
                0x0000000008009808                _global_impure_ptr
 .rodata.__sf_fake_stderr
                0x000000000800980c       0x20 c:/st/stm32cubeide_1.11.0/stm32cubeide/plugins/com.st.stm32cube.ide.mcu.externaltools.gnu-tools-for-stm32.10.3-2021.10.win32_1.0.200.202301161003/tools/bin/../lib/gcc/arm-none-eabi/10.3.1/../../../../arm-none-eabi/lib/thumb/v7e-m+fp/hard\libc_nano.a(lib_a-findfp.o)
                0x000000000800980c                __sf_fake_stderr
 .rodata.__sf_fake_stdin
                0x000000000800982c       0x20 c:/st/stm32cubeide_1.11.0/stm32cubeide/plugins/com.st.stm32cube.ide.mcu.externaltools.gnu-tools-for-stm32.10.3-2021.10.win32_1.0.200.202301161003/tools/bin/../lib/gcc/arm-none-eabi/10.3.1/../../../../arm-none-eabi/lib/thumb/v7e-m+fp/hard\libc_nano.a(lib_a-findfp.o)
                0x000000000800982c                __sf_fake_stdin
 .rodata.__sf_fake_stdout
                0x000000000800984c       0x20 c:/st/stm32cubeide_1.11.0/stm32cubeide/plugins/com.st.stm32cube.ide.mcu.externaltools.gnu-tools-for-stm32.10.3-2021.10.win32_1.0.200.202301161003/tools/bin/../lib/gcc/arm-none-eabi/10.3.1/../../../../arm-none-eabi/lib/thumb/v7e-m+fp/hard\libc_nano.a(lib_a-findfp.o)
                0x000000000800984c                __sf_fake_stdout
 .rodata._vfprintf_r.str1.1
                0x000000000800986c       0x11 c:/st/stm32cubeide_1.11.0/stm32cubeide/plugins/com.st.stm32cube.ide.mcu.externaltools.gnu-tools-for-stm32.10.3-2021.10.win32_1.0.200.202301161003/tools/bin/../lib/gcc/arm-none-eabi/10.3.1/../../../../arm-none-eabi/lib/thumb/v7e-m+fp/hard\libc_nano.a(lib_a-nano-vfprintf.o)
 .rodata._printf_i.str1.1
                0x000000000800987d       0x22 c:/st/stm32cubeide_1.11.0/stm32cubeide/plugins/com.st.stm32cube.ide.mcu.externaltools.gnu-tools-for-stm32.10.3-2021.10.win32_1.0.200.202301161003/tools/bin/../lib/gcc/arm-none-eabi/10.3.1/../../../../arm-none-eabi/lib/thumb/v7e-m+fp/hard\libc_nano.a(lib_a-nano-vfprintf_i.o)
                0x00000000080098a0                . = ALIGN (0x4)
 *fill*         0x000000000800989f        0x1 

.rel.dyn        0x00000000080098a0        0x0
 .rel.iplt      0x00000000080098a0        0x0 c:/st/stm32cubeide_1.11.0/stm32cubeide/plugins/com.st.stm32cube.ide.mcu.externaltools.gnu-tools-for-stm32.10.3-2021.10.win32_1.0.200.202301161003/tools/bin/../lib/gcc/arm-none-eabi/10.3.1/thumb/v7e-m+fp/hard/crtbegin.o

.ARM.extab      0x00000000080098a0        0x0
                0x00000000080098a0                . = ALIGN (0x4)
 *(.ARM.extab* .gnu.linkonce.armextab.*)
                0x00000000080098a0                . = ALIGN (0x4)

.ARM            0x00000000080098a0        0x0
                0x00000000080098a0                . = ALIGN (0x4)
                0x00000000080098a0                __exidx_start = .
 *(.ARM.exidx*)
                0x00000000080098a0                __exidx_end = .
                0x00000000080098a0                . = ALIGN (0x4)

.preinit_array  0x00000000080098a0        0x0
                0x00000000080098a0                . = ALIGN (0x4)
                0x00000000080098a0                PROVIDE (__preinit_array_start = .)
 *(.preinit_array*)
                0x00000000080098a0                PROVIDE (__preinit_array_end = .)
                0x00000000080098a0                . = ALIGN (0x4)

.init_array     0x00000000080098a0        0x4
                0x00000000080098a0                . = ALIGN (0x4)
                0x00000000080098a0                PROVIDE (__init_array_start = .)
 *(SORT_BY_NAME(.init_array.*))
 *(.init_array*)
 .init_array    0x00000000080098a0        0x4 c:/st/stm32cubeide_1.11.0/stm32cubeide/plugins/com.st.stm32cube.ide.mcu.externaltools.gnu-tools-for-stm32.10.3-2021.10.win32_1.0.200.202301161003/tools/bin/../lib/gcc/arm-none-eabi/10.3.1/thumb/v7e-m+fp/hard/crtbegin.o
                0x00000000080098a4                PROVIDE (__init_array_end = .)
                0x00000000080098a4                . = ALIGN (0x4)

.fini_array     0x00000000080098a4        0x4
                0x00000000080098a4                . = ALIGN (0x4)
                [!provide]                        PROVIDE (__fini_array_start = .)
 *(SORT_BY_NAME(.fini_array.*))
 *(.fini_array*)
 .fini_array    0x00000000080098a4        0x4 c:/st/stm32cubeide_1.11.0/stm32cubeide/plugins/com.st.stm32cube.ide.mcu.externaltools.gnu-tools-for-stm32.10.3-2021.10.win32_1.0.200.202301161003/tools/bin/../lib/gcc/arm-none-eabi/10.3.1/thumb/v7e-m+fp/hard/crtbegin.o
                [!provide]                        PROVIDE (__fini_array_end = .)
                0x00000000080098a8                . = ALIGN (0x4)
                0x00000000080098a8                _sidata = LOADADDR (.data)

.data           0x0000000020000000      0x100 load address 0x00000000080098a8
                0x0000000020000000                . = ALIGN (0x4)
                0x0000000020000000                _sdata = .
 *(.data)
 *(.data*)
 .data.SystemCoreClock
                0x0000000020000000        0x4 ./Core/Src/system_stm32l4xx.o
                0x0000000020000000                SystemCoreClock
 .data.mfxstm32l152_io_drv
                0x0000000020000004       0x2c ./Drivers/BSP/Components/mfxstm32l152/mfxstm32l152.o
                0x0000000020000004                mfxstm32l152_io_drv
 .data.mfxstm32l152_idd_drv
                0x0000000020000030       0x4c ./Drivers/BSP/Components/mfxstm32l152/mfxstm32l152.o
                0x0000000020000030                mfxstm32l152_idd_drv
 .data.ov5640_drv
                0x000000002000007c        0xc ./Drivers/BSP/Components/ov5640/ov5640.o
                0x000000002000007c                ov5640_drv
 .data.LED_PORT
                0x0000000020000088        0x8 ./Drivers/BSP/STM32L4P5G-Discovery/stm32l4p5g_discovery.o
                0x0000000020000088                LED_PORT
 .data.I2c1Timeout
                0x0000000020000090        0x4 ./Drivers/BSP/STM32L4P5G-Discovery/stm32l4p5g_discovery.o
                0x0000000020000090                I2c1Timeout
 .data.uwTickPrio
                0x0000000020000094        0x4 ./Drivers/STM32L4xx_HAL_Driver/Src/stm32l4xx_hal.o
                0x0000000020000094                uwTickPrio
 .data.uwTickFreq
                0x0000000020000098        0x1 ./Drivers/STM32L4xx_HAL_Driver/Src/stm32l4xx_hal.o
                0x0000000020000098                uwTickFreq
 *fill*         0x0000000020000099        0x3 
 .data._impure_ptr
                0x000000002000009c        0x4 c:/st/stm32cubeide_1.11.0/stm32cubeide/plugins/com.st.stm32cube.ide.mcu.externaltools.gnu-tools-for-stm32.10.3-2021.10.win32_1.0.200.202301161003/tools/bin/../lib/gcc/arm-none-eabi/10.3.1/../../../../arm-none-eabi/lib/thumb/v7e-m+fp/hard\libc_nano.a(lib_a-impure.o)
                0x000000002000009c                _impure_ptr
 .data.impure_data
                0x00000000200000a0       0x60 c:/st/stm32cubeide_1.11.0/stm32cubeide/plugins/com.st.stm32cube.ide.mcu.externaltools.gnu-tools-for-stm32.10.3-2021.10.win32_1.0.200.202301161003/tools/bin/../lib/gcc/arm-none-eabi/10.3.1/../../../../arm-none-eabi/lib/thumb/v7e-m+fp/hard\libc_nano.a(lib_a-impure.o)
 *(.RamFunc)
 *(.RamFunc*)
                0x0000000020000100                . = ALIGN (0x4)
                0x0000000020000100                _edata = .

.igot.plt       0x0000000020000100        0x0 load address 0x00000000080099a8
 .igot.plt      0x0000000020000100        0x0 c:/st/stm32cubeide_1.11.0/stm32cubeide/plugins/com.st.stm32cube.ide.mcu.externaltools.gnu-tools-for-stm32.10.3-2021.10.win32_1.0.200.202301161003/tools/bin/../lib/gcc/arm-none-eabi/10.3.1/thumb/v7e-m+fp/hard/crtbegin.o
                0x0000000020000100                . = ALIGN (0x4)

.bss            0x0000000020000100     0x99f0 load address 0x00000000080099a8
                0x0000000020000100                _sbss = .
                0x0000000020000100                __bss_start__ = _sbss
 *(.bss)
 .bss           0x0000000020000100       0x1c c:/st/stm32cubeide_1.11.0/stm32cubeide/plugins/com.st.stm32cube.ide.mcu.externaltools.gnu-tools-for-stm32.10.3-2021.10.win32_1.0.200.202301161003/tools/bin/../lib/gcc/arm-none-eabi/10.3.1/thumb/v7e-m+fp/hard/crtbegin.o
 *(.bss*)
 .bss.hdcmi     0x000000002000011c       0x64 ./Core/Src/main.o
                0x000000002000011c                hdcmi
 .bss.hdma_dcmi
                0x0000000020000180       0x60 ./Core/Src/main.o
                0x0000000020000180                hdma_dcmi
 .bss.hi2c1     0x00000000200001e0       0x54 ./Core/Src/main.o
                0x00000000200001e0                hi2c1
 .bss.hi2c4     0x0000000020000234       0x54 ./Core/Src/main.o
                0x0000000020000234                hi2c4
 .bss.hspi2     0x0000000020000288       0x64 ./Core/Src/main.o
                0x0000000020000288                hspi2
 .bss.hdma_memtomem_dma1_channel1
                0x00000000200002ec       0x60 ./Core/Src/main.o
                0x00000000200002ec                hdma_memtomem_dma1_channel1
 .bss.start_the_camera_capture
                0x000000002000034c        0x4 ./Core/Src/main.o
 .bss.pBuffer   0x0000000020000350     0x9600 ./Core/Src/main.o
                0x0000000020000350                pBuffer
 .bss.hal_status
                0x0000000020009950        0x1 ./Core/Src/main.o
                0x0000000020009950                hal_status
 *fill*         0x0000000020009951        0x3 
 .bss.__sbrk_heap_end
                0x0000000020009954        0x4 ./Core/Src/sysmem.o
 .bss.mfxstm32l152
                0x0000000020009958        0x3 ./Drivers/BSP/Components/mfxstm32l152/mfxstm32l152.o
                0x0000000020009958                mfxstm32l152
 *fill*         0x000000002000995b        0x1 
 .bss.I2c1Handle
                0x000000002000995c       0x54 ./Drivers/BSP/STM32L4P5G-Discovery/stm32l4p5g_discovery.o
 .bss.hI2cCameraHandler
                0x00000000200099b0       0x54 ./Drivers/BSP/STM32L4P5G-Discovery/stm32l4p5g_discovery.o
 .bss.v_bspI2cUsers
                0x0000000020009a04        0x4 ./Drivers/BSP/STM32L4P5G-Discovery/stm32l4p5g_discovery.o
 .bss.hDcmiHandler
                0x0000000020009a08       0x64 ./Drivers/BSP/STM32L4P5G-Discovery/stm32l4p5g_discovery_camera.o
                0x0000000020009a08                hDcmiHandler
 .bss.camera_drv
                0x0000000020009a6c        0x4 ./Drivers/BSP/STM32L4P5G-Discovery/stm32l4p5g_discovery_camera.o
                0x0000000020009a6c                camera_drv
 .bss.CameraCurrentResolution
                0x0000000020009a70        0x4 ./Drivers/BSP/STM32L4P5G-Discovery/stm32l4p5g_discovery_camera.o
 .bss.CameraHwAddress
                0x0000000020009a74        0x4 ./Drivers/BSP/STM32L4P5G-Discovery/stm32l4p5g_discovery_camera.o
 .bss.hdma_handler.0
                0x0000000020009a78       0x60 ./Drivers/BSP/STM32L4P5G-Discovery/stm32l4p5g_discovery_camera.o
 .bss.io_driver
                0x0000000020009ad8        0x4 ./Drivers/BSP/STM32L4P5G-Discovery/stm32l4p5g_discovery_io.o
 .bss.uwTick    0x0000000020009adc        0x4 ./Drivers/STM32L4xx_HAL_Driver/Src/stm32l4xx_hal.o
                0x0000000020009adc                uwTick
 .bss.__malloc_free_list
                0x0000000020009ae0        0x4 c:/st/stm32cubeide_1.11.0/stm32cubeide/plugins/com.st.stm32cube.ide.mcu.externaltools.gnu-tools-for-stm32.10.3-2021.10.win32_1.0.200.202301161003/tools/bin/../lib/gcc/arm-none-eabi/10.3.1/../../../../arm-none-eabi/lib/thumb/v7e-m+fp/hard\libc_nano.a(lib_a-nano-mallocr.o)
                0x0000000020009ae0                __malloc_free_list
 .bss.__malloc_sbrk_start
                0x0000000020009ae4        0x4 c:/st/stm32cubeide_1.11.0/stm32cubeide/plugins/com.st.stm32cube.ide.mcu.externaltools.gnu-tools-for-stm32.10.3-2021.10.win32_1.0.200.202301161003/tools/bin/../lib/gcc/arm-none-eabi/10.3.1/../../../../arm-none-eabi/lib/thumb/v7e-m+fp/hard\libc_nano.a(lib_a-nano-mallocr.o)
                0x0000000020009ae4                __malloc_sbrk_start
 .bss.__lock___malloc_recursive_mutex
                0x0000000020009ae8        0x1 c:/st/stm32cubeide_1.11.0/stm32cubeide/plugins/com.st.stm32cube.ide.mcu.externaltools.gnu-tools-for-stm32.10.3-2021.10.win32_1.0.200.202301161003/tools/bin/../lib/gcc/arm-none-eabi/10.3.1/../../../../arm-none-eabi/lib/thumb/v7e-m+fp/hard\libc_nano.a(lib_a-lock.o)
                0x0000000020009ae8                __lock___malloc_recursive_mutex
 .bss.__lock___sfp_recursive_mutex
                0x0000000020009ae9        0x1 c:/st/stm32cubeide_1.11.0/stm32cubeide/plugins/com.st.stm32cube.ide.mcu.externaltools.gnu-tools-for-stm32.10.3-2021.10.win32_1.0.200.202301161003/tools/bin/../lib/gcc/arm-none-eabi/10.3.1/../../../../arm-none-eabi/lib/thumb/v7e-m+fp/hard\libc_nano.a(lib_a-lock.o)
                0x0000000020009ae9                __lock___sfp_recursive_mutex
 .bss.__lock___sinit_recursive_mutex
                0x0000000020009aea        0x1 c:/st/stm32cubeide_1.11.0/stm32cubeide/plugins/com.st.stm32cube.ide.mcu.externaltools.gnu-tools-for-stm32.10.3-2021.10.win32_1.0.200.202301161003/tools/bin/../lib/gcc/arm-none-eabi/10.3.1/../../../../arm-none-eabi/lib/thumb/v7e-m+fp/hard\libc_nano.a(lib_a-lock.o)
                0x0000000020009aea                __lock___sinit_recursive_mutex
 *fill*         0x0000000020009aeb        0x1 
 .bss.errno     0x0000000020009aec        0x4 c:/st/stm32cubeide_1.11.0/stm32cubeide/plugins/com.st.stm32cube.ide.mcu.externaltools.gnu-tools-for-stm32.10.3-2021.10.win32_1.0.200.202301161003/tools/bin/../lib/gcc/arm-none-eabi/10.3.1/../../../../arm-none-eabi/lib/thumb/v7e-m+fp/hard\libc_nano.a(lib_a-reent.o)
                0x0000000020009aec                errno
 *(COMMON)
                0x0000000020009af0                . = ALIGN (0x4)
                0x0000000020009af0                _ebss = .
                0x0000000020009af0                __bss_end__ = _ebss

._user_heap_stack
                0x0000000020009af0      0x600 load address 0x00000000080099a8
                0x0000000020009af0                . = ALIGN (0x8)
                [!provide]                        PROVIDE (end = .)
                0x0000000020009af0                PROVIDE (_end = .)
                0x0000000020009cf0                . = (. + _Min_Heap_Size)
 *fill*         0x0000000020009af0      0x200 
                0x000000002000a0f0                . = (. + _Min_Stack_Size)
 *fill*         0x0000000020009cf0      0x400 
                0x000000002000a0f0                . = ALIGN (0x8)

/DISCARD/
 libc.a(*)
 libm.a(*)
 libgcc.a(*)

.ARM.attributes
                0x0000000000000000       0x30
 *(.ARM.attributes)
 .ARM.attributes
                0x0000000000000000       0x1e c:/st/stm32cubeide_1.11.0/stm32cubeide/plugins/com.st.stm32cube.ide.mcu.externaltools.gnu-tools-for-stm32.10.3-2021.10.win32_1.0.200.202301161003/tools/bin/../lib/gcc/arm-none-eabi/10.3.1/thumb/v7e-m+fp/hard/crti.o
 .ARM.attributes
                0x000000000000001e       0x34 c:/st/stm32cubeide_1.11.0/stm32cubeide/plugins/com.st.stm32cube.ide.mcu.externaltools.gnu-tools-for-stm32.10.3-2021.10.win32_1.0.200.202301161003/tools/bin/../lib/gcc/arm-none-eabi/10.3.1/thumb/v7e-m+fp/hard/crtbegin.o
 .ARM.attributes
                0x0000000000000052       0x34 ./Core/Src/main.o
 .ARM.attributes
                0x0000000000000086       0x34 ./Core/Src/stm32l4xx_hal_msp.o
 .ARM.attributes
                0x00000000000000ba       0x34 ./Core/Src/stm32l4xx_it.o
 .ARM.attributes
                0x00000000000000ee       0x34 ./Core/Src/syscalls.o
 .ARM.attributes
                0x0000000000000122       0x34 ./Core/Src/sysmem.o
 .ARM.attributes
                0x0000000000000156       0x34 ./Core/Src/system_stm32l4xx.o
 .ARM.attributes
                0x000000000000018a       0x21 ./Core/Startup/startup_stm32l4p5agixp.o
 .ARM.attributes
                0x00000000000001ab       0x34 ./Drivers/BSP/ADA_st7735/st7735.o
 .ARM.attributes
                0x00000000000001df       0x34 ./Drivers/BSP/Components/mfxstm32l152/mfxstm32l152.o
 .ARM.attributes
                0x0000000000000213       0x34 ./Drivers/BSP/Components/ov5640/ov5640.o
 .ARM.attributes
                0x0000000000000247       0x34 ./Drivers/BSP/STM32L4P5G-Discovery/stm32l4p5g_discovery.o
 .ARM.attributes
                0x000000000000027b       0x34 ./Drivers/BSP/STM32L4P5G-Discovery/stm32l4p5g_discovery_camera.o
 .ARM.attributes
                0x00000000000002af       0x34 ./Drivers/BSP/STM32L4P5G-Discovery/stm32l4p5g_discovery_io.o
 .ARM.attributes
                0x00000000000002e3       0x34 ./Drivers/STM32L4xx_HAL_Driver/Src/stm32l4xx_hal.o
 .ARM.attributes
                0x0000000000000317       0x34 ./Drivers/STM32L4xx_HAL_Driver/Src/stm32l4xx_hal_cortex.o
 .ARM.attributes
                0x000000000000034b       0x34 ./Drivers/STM32L4xx_HAL_Driver/Src/stm32l4xx_hal_dcmi.o
 .ARM.attributes
                0x000000000000037f       0x34 ./Drivers/STM32L4xx_HAL_Driver/Src/stm32l4xx_hal_dma.o
 .ARM.attributes
                0x00000000000003b3       0x34 ./Drivers/STM32L4xx_HAL_Driver/Src/stm32l4xx_hal_gpio.o
 .ARM.attributes
                0x00000000000003e7       0x34 ./Drivers/STM32L4xx_HAL_Driver/Src/stm32l4xx_hal_i2c.o
 .ARM.attributes
                0x000000000000041b       0x34 ./Drivers/STM32L4xx_HAL_Driver/Src/stm32l4xx_hal_i2c_ex.o
 .ARM.attributes
                0x000000000000044f       0x34 ./Drivers/STM32L4xx_HAL_Driver/Src/stm32l4xx_hal_pwr_ex.o
 .ARM.attributes
                0x0000000000000483       0x34 ./Drivers/STM32L4xx_HAL_Driver/Src/stm32l4xx_hal_rcc.o
 .ARM.attributes
                0x00000000000004b7       0x34 ./Drivers/STM32L4xx_HAL_Driver/Src/stm32l4xx_hal_rcc_ex.o
 .ARM.attributes
                0x00000000000004eb       0x34 ./Drivers/STM32L4xx_HAL_Driver/Src/stm32l4xx_hal_spi.o
 .ARM.attributes
                0x000000000000051f       0x34 c:/st/stm32cubeide_1.11.0/stm32cubeide/plugins/com.st.stm32cube.ide.mcu.externaltools.gnu-tools-for-stm32.10.3-2021.10.win32_1.0.200.202301161003/tools/bin/../lib/gcc/arm-none-eabi/10.3.1/../../../../arm-none-eabi/lib/thumb/v7e-m+fp/hard\libc_nano.a(lib_a-errno.o)
 .ARM.attributes
                0x0000000000000553       0x34 c:/st/stm32cubeide_1.11.0/stm32cubeide/plugins/com.st.stm32cube.ide.mcu.externaltools.gnu-tools-for-stm32.10.3-2021.10.win32_1.0.200.202301161003/tools/bin/../lib/gcc/arm-none-eabi/10.3.1/../../../../arm-none-eabi/lib/thumb/v7e-m+fp/hard\libc_nano.a(lib_a-impure.o)
 .ARM.attributes
                0x0000000000000587       0x34 c:/st/stm32cubeide_1.11.0/stm32cubeide/plugins/com.st.stm32cube.ide.mcu.externaltools.gnu-tools-for-stm32.10.3-2021.10.win32_1.0.200.202301161003/tools/bin/../lib/gcc/arm-none-eabi/10.3.1/../../../../arm-none-eabi/lib/thumb/v7e-m+fp/hard\libc_nano.a(lib_a-init.o)
 .ARM.attributes
                0x00000000000005bb       0x34 c:/st/stm32cubeide_1.11.0/stm32cubeide/plugins/com.st.stm32cube.ide.mcu.externaltools.gnu-tools-for-stm32.10.3-2021.10.win32_1.0.200.202301161003/tools/bin/../lib/gcc/arm-none-eabi/10.3.1/../../../../arm-none-eabi/lib/thumb/v7e-m+fp/hard\libc_nano.a(lib_a-memset.o)
 .ARM.attributes
                0x00000000000005ef       0x34 c:/st/stm32cubeide_1.11.0/stm32cubeide/plugins/com.st.stm32cube.ide.mcu.externaltools.gnu-tools-for-stm32.10.3-2021.10.win32_1.0.200.202301161003/tools/bin/../lib/gcc/arm-none-eabi/10.3.1/../../../../arm-none-eabi/lib/thumb/v7e-m+fp/hard\libc_nano.a(lib_a-nano-freer.o)
 .ARM.attributes
                0x0000000000000623       0x34 c:/st/stm32cubeide_1.11.0/stm32cubeide/plugins/com.st.stm32cube.ide.mcu.externaltools.gnu-tools-for-stm32.10.3-2021.10.win32_1.0.200.202301161003/tools/bin/../lib/gcc/arm-none-eabi/10.3.1/../../../../arm-none-eabi/lib/thumb/v7e-m+fp/hard\libc_nano.a(lib_a-nano-mallocr.o)
 .ARM.attributes
                0x0000000000000657       0x34 c:/st/stm32cubeide_1.11.0/stm32cubeide/plugins/com.st.stm32cube.ide.mcu.externaltools.gnu-tools-for-stm32.10.3-2021.10.win32_1.0.200.202301161003/tools/bin/../lib/gcc/arm-none-eabi/10.3.1/../../../../arm-none-eabi/lib/thumb/v7e-m+fp/hard\libc_nano.a(lib_a-printf.o)
 .ARM.attributes
                0x000000000000068b       0x34 c:/st/stm32cubeide_1.11.0/stm32cubeide/plugins/com.st.stm32cube.ide.mcu.externaltools.gnu-tools-for-stm32.10.3-2021.10.win32_1.0.200.202301161003/tools/bin/../lib/gcc/arm-none-eabi/10.3.1/../../../../arm-none-eabi/lib/thumb/v7e-m+fp/hard\libc_nano.a(lib_a-sbrkr.o)
 .ARM.attributes
                0x00000000000006bf       0x34 c:/st/stm32cubeide_1.11.0/stm32cubeide/plugins/com.st.stm32cube.ide.mcu.externaltools.gnu-tools-for-stm32.10.3-2021.10.win32_1.0.200.202301161003/tools/bin/../lib/gcc/arm-none-eabi/10.3.1/../../../../arm-none-eabi/lib/thumb/v7e-m+fp/hard\libc_nano.a(lib_a-findfp.o)
 .ARM.attributes
                0x00000000000006f3       0x34 c:/st/stm32cubeide_1.11.0/stm32cubeide/plugins/com.st.stm32cube.ide.mcu.externaltools.gnu-tools-for-stm32.10.3-2021.10.win32_1.0.200.202301161003/tools/bin/../lib/gcc/arm-none-eabi/10.3.1/../../../../arm-none-eabi/lib/thumb/v7e-m+fp/hard\libc_nano.a(lib_a-fwalk.o)
 .ARM.attributes
                0x0000000000000727       0x34 c:/st/stm32cubeide_1.11.0/stm32cubeide/plugins/com.st.stm32cube.ide.mcu.externaltools.gnu-tools-for-stm32.10.3-2021.10.win32_1.0.200.202301161003/tools/bin/../lib/gcc/arm-none-eabi/10.3.1/../../../../arm-none-eabi/lib/thumb/v7e-m+fp/hard\libc_nano.a(lib_a-lock.o)
 .ARM.attributes
                0x000000000000075b       0x34 c:/st/stm32cubeide_1.11.0/stm32cubeide/plugins/com.st.stm32cube.ide.mcu.externaltools.gnu-tools-for-stm32.10.3-2021.10.win32_1.0.200.202301161003/tools/bin/../lib/gcc/arm-none-eabi/10.3.1/../../../../arm-none-eabi/lib/thumb/v7e-m+fp/hard\libc_nano.a(lib_a-mlock.o)
 .ARM.attributes
                0x000000000000078f       0x34 c:/st/stm32cubeide_1.11.0/stm32cubeide/plugins/com.st.stm32cube.ide.mcu.externaltools.gnu-tools-for-stm32.10.3-2021.10.win32_1.0.200.202301161003/tools/bin/../lib/gcc/arm-none-eabi/10.3.1/../../../../arm-none-eabi/lib/thumb/v7e-m+fp/hard\libc_nano.a(lib_a-nano-vfprintf.o)
 .ARM.attributes