../Drivers/BSP/STM32L4P5G-Discovery/stm32l4p5g_discovery_camera.c:124:9:BSP_CAMERA_Init	32	static
../Drivers/BSP/STM32L4P5G-Discovery/stm32l4p5g_discovery_camera.c:233:9:BSP_CAMERA_DeInit	8	static
../Drivers/BSP/STM32L4P5G-Discovery/stm32l4p5g_discovery_camera.c:247:6:BSP_CAMERA_ContinuousStart	24	static
../Drivers/BSP/STM32L4P5G-Discovery/stm32l4p5g_discovery_camera.c:258:6:BSP_CAMERA_SnapshotStart	24	static
../Drivers/BSP/STM32L4P5G-Discovery/stm32l4p5g_discovery_camera.c:268:6:BSP_CAMERA_Suspend	8	static
../Drivers/BSP/STM32L4P5G-Discovery/stm32l4p5g_discovery_camera.c:278:6:BSP_CAMERA_Resume	8	static
../Drivers/BSP/STM32L4P5G-Discovery/stm32l4p5g_discovery_camera.c:288:9:BSP_CAMERA_Stop	16	static
../Drivers/BSP/STM32L4P5G-Discovery/stm32l4p5g_discovery_camera.c:307:6:BSP_CAMERA_PwrUp	8	static
../Drivers/BSP/STM32L4P5G-Discovery/stm32l4p5g_discovery_camera.c:319:6:BSP_CAMERA_PwrDown	8	static
../Drivers/BSP/STM32L4P5G-Discovery/stm32l4p5g_discovery_camera.c:343:6:BSP_CAMERA_ContrastBrightnessConfig	24	static
../Drivers/BSP/STM32L4P5G-Discovery/stm32l4p5g_discovery_camera.c:361:6:BSP_CAMERA_BlackWhiteConfig	24	static
../Drivers/BSP/STM32L4P5G-Discovery/stm32l4p5g_discovery_camera.c:379:6:BSP_CAMERA_ColorEffectConfig	24	static
../Drivers/BSP/STM32L4P5G-Discovery/stm32l4p5g_discovery_camera.c:392:17:GetSize	24	static
../Drivers/BSP/STM32L4P5G-Discovery/stm32l4p5g_discovery_camera.c:434:13:BSP_CAMERA_MspInit	64	static
../Drivers/BSP/STM32L4P5G-Discovery/stm32l4p5g_discovery_camera.c:530:13:BSP_CAMERA_MspDeInit	16	static
../Drivers/BSP/STM32L4P5G-Discovery/stm32l4p5g_discovery_camera.c:553:6:HAL_DCMI_LineEventCallback	16	static
../Drivers/BSP/STM32L4P5G-Discovery/stm32l4p5g_discovery_camera.c:562:13:BSP_CAMERA_LineEventCallback	4	static
../Drivers/BSP/STM32L4P5G-Discovery/stm32l4p5g_discovery_camera.c:574:6:HAL_DCMI_VsyncEventCallback	16	static
../Drivers/BSP/STM32L4P5G-Discovery/stm32l4p5g_discovery_camera.c:583:13:BSP_CAMERA_VsyncEventCallback	4	static
../Drivers/BSP/STM32L4P5G-Discovery/stm32l4p5g_discovery_camera.c:595:6:HAL_DCMI_FrameEventCallback	16	static
../Drivers/BSP/STM32L4P5G-Discovery/stm32l4p5g_discovery_camera.c:604:13:BSP_CAMERA_FrameEventCallback	4	static
../Drivers/BSP/STM32L4P5G-Discovery/stm32l4p5g_discovery_camera.c:616:6:HAL_DCMI_ErrorCallback	16	static
../Drivers/BSP/STM32L4P5G-Discovery/stm32l4p5g_discovery_camera.c:625:13:BSP_CAMERA_ErrorCallback	4	static
