../Drivers/BSP/STM32L4P5G-Discovery/stm32l4p5g_discovery_idd.c:57:9:BSP_IDD_Init	80	static
../Drivers/BSP/STM32L4P5G-Discovery/stm32l4p5g_discovery_idd.c:122:6:BSP_IDD_DeInit	8	static
../Drivers/BSP/STM32L4P5G-Discovery/stm32l4p5g_discovery_idd.c:134:6:BSP_IDD_Reset	8	static
../Drivers/BSP/STM32L4P5G-Discovery/stm32l4p5g_discovery_idd.c:146:6:BSP_IDD_LowPower	8	static
../Drivers/BSP/STM32L4P5G-Discovery/stm32l4p5g_discovery_idd.c:158:6:BSP_IDD_StartMeasure	8	static
../Drivers/BSP/STM32L4P5G-Discovery/stm32l4p5g_discovery_idd.c:176:6:BSP_IDD_Config	48	static
../Drivers/BSP/STM32L4P5G-Discovery/stm32l4p5g_discovery_idd.c:189:6:BSP_IDD_GetValue	16	static
../Drivers/BSP/STM32L4P5G-Discovery/stm32l4p5g_discovery_idd.c:205:6:BSP_IDD_EnableIT	8	static
../Drivers/BSP/STM32L4P5G-Discovery/stm32l4p5g_discovery_idd.c:217:6:BSP_IDD_ClearIT	8	static
../Drivers/BSP/STM32L4P5G-Discovery/stm32l4p5g_discovery_idd.c:229:9:BSP_IDD_GetITStatus	8	static
../Drivers/BSP/STM32L4P5G-Discovery/stm32l4p5g_discovery_idd.c:245:6:BSP_IDD_DisableIT	8	static
../Drivers/BSP/STM32L4P5G-Discovery/stm32l4p5g_discovery_idd.c:257:9:BSP_IDD_ErrorGetCode	8	static
../Drivers/BSP/STM32L4P5G-Discovery/stm32l4p5g_discovery_idd.c:288:6:BSP_IDD_ErrorEnableIT	8	static
../Drivers/BSP/STM32L4P5G-Discovery/stm32l4p5g_discovery_idd.c:300:6:BSP_IDD_ErrorClearIT	8	static
../Drivers/BSP/STM32L4P5G-Discovery/stm32l4p5g_discovery_idd.c:312:9:BSP_IDD_ErrorGetITStatus	8	static
../Drivers/BSP/STM32L4P5G-Discovery/stm32l4p5g_discovery_idd.c:328:6:BSP_IDD_ErrorDisableIT	8	static
../Drivers/BSP/STM32L4P5G-Discovery/stm32l4p5g_discovery_idd.c:340:6:BSP_IDD_WakeUp	8	static
