../Core/Src/main.c:146:5:main	24	static
../Core/Src/main.c:272:6:SystemClock_Config	104	static
../Core/Src/main.c:323:13:MX_DCMI_Init	8	static
../Core/Src/main.c:360:13:MX_I2C1_Init	8	static
../Core/Src/main.c:408:13:MX_I2C4_Init	8	static
../Core/Src/main.c:456:13:MX_SPI2_Init	8	static
../Core/Src/main.c:496:13:MX_DMA_Init	24	static
../Core/Src/main.c:534:13:MX_GPIO_Init	64	static
../Core/Src/main.c:688:13:SPIx_Init	8	static
../Core/Src/main.c:727:13:SPIx_WriteReadData	40	static
../Core/Src/main.c:745:13:SPIx_Write	32	static
../Core/Src/main.c:764:6:LCD_IO_Init	40	static
../Core/Src/main.c:795:6:LCD_IO_WriteReg	16	static
../Core/Src/main.c:816:6:LCD_IO_WriteMultipleData	24	static
../Core/Src/main.c:872:6:LCD_Delay	16	static
../Core/Src/main.c:880:6:BSP_CAMERA_FrameEventCallback	4	static
../Core/Src/main.c:891:13:TransferComplete	16	static
../Core/Src/main.c:902:13:TransferError	16	static
../Core/Src/main.c:912:13:OnError_Handler	16	static
../Core/Src/main.c:927:6:Error_Handler	4	static,ignoring_inline_asm
